Archive member included to satisfy reference by file (symbol)

.\CortexM3\ARM_GCC_541\Debug\Project_BMP280.a(I2C.o)
                              .\CortexM3\ARM_GCC_541\Debug\BMP280.o (I2C_Start)
.\CortexM3\ARM_GCC_541\Debug\Project_BMP280.a(I2C_INT.o)
                              .\CortexM3\ARM_GCC_541\Debug\Project_BMP280.a(I2C.o) (I2C_ISR)
.\CortexM3\ARM_GCC_541\Debug\Project_BMP280.a(I2C_PM.o)
                              .\CortexM3\ARM_GCC_541\Debug\Project_BMP280.a(I2C.o) (I2C_backup)
.\CortexM3\ARM_GCC_541\Debug\Project_BMP280.a(I2C_MASTER.o)
                              .\CortexM3\ARM_GCC_541\Debug\Project_BMP280.a(I2C.o) (I2C_mstrStatus)
.\CortexM3\ARM_GCC_541\Debug\Project_BMP280.a(CyLib.o)
                              .\CortexM3\ARM_GCC_541\Debug\Cm3Start.o (CyResetStatus)
.\CortexM3\ARM_GCC_541\Debug\Project_BMP280.a(cyPm.o)
                              .\CortexM3\ARM_GCC_541\Debug\Project_BMP280.a(CyLib.o) (CyPmReadStatus)
.\CortexM3\ARM_GCC_541\Debug\Project_BMP280.a(CyBootAsmGnu.o)
                              .\CortexM3\ARM_GCC_541\Debug\cyfitter_cfg.o (CyDelayCycles)
.\CortexM3\ARM_GCC_541\Debug\Project_BMP280.a(CyFlash.o)
                              .\CortexM3\ARM_GCC_541\Debug\Project_BMP280.a(cyPm.o) (CyFlash_SetWaitCycles)
.\CortexM3\ARM_GCC_541\Debug\Project_BMP280.a(CySpc.o)
                              .\CortexM3\ARM_GCC_541\Debug\Project_BMP280.a(CyFlash.o) (CySpcStart)
c:/program files (x86)/cypress/psoc creator/4.4/psoc creator/import/gnu/arm/5.4.1/bin/../lib/gcc/arm-none-eabi/5.4.1/../../../../arm-none-eabi/lib/armv7-m\libm.a(lib_a-w_pow.o)
                              .\CortexM3\ARM_GCC_541\Debug\BMP280.o (pow)
c:/program files (x86)/cypress/psoc creator/4.4/psoc creator/import/gnu/arm/5.4.1/bin/../lib/gcc/arm-none-eabi/5.4.1/../../../../arm-none-eabi/lib/armv7-m\libm.a(lib_a-e_pow.o)
                              c:/program files (x86)/cypress/psoc creator/4.4/psoc creator/import/gnu/arm/5.4.1/bin/../lib/gcc/arm-none-eabi/5.4.1/../../../../arm-none-eabi/lib/armv7-m\libm.a(lib_a-w_pow.o) (__ieee754_pow)
c:/program files (x86)/cypress/psoc creator/4.4/psoc creator/import/gnu/arm/5.4.1/bin/../lib/gcc/arm-none-eabi/5.4.1/../../../../arm-none-eabi/lib/armv7-m\libm.a(lib_a-e_sqrt.o)
                              c:/program files (x86)/cypress/psoc creator/4.4/psoc creator/import/gnu/arm/5.4.1/bin/../lib/gcc/arm-none-eabi/5.4.1/../../../../arm-none-eabi/lib/armv7-m\libm.a(lib_a-e_pow.o) (__ieee754_sqrt)
c:/program files (x86)/cypress/psoc creator/4.4/psoc creator/import/gnu/arm/5.4.1/bin/../lib/gcc/arm-none-eabi/5.4.1/../../../../arm-none-eabi/lib/armv7-m\libm.a(lib_a-s_fabs.o)
                              c:/program files (x86)/cypress/psoc creator/4.4/psoc creator/import/gnu/arm/5.4.1/bin/../lib/gcc/arm-none-eabi/5.4.1/../../../../arm-none-eabi/lib/armv7-m\libm.a(lib_a-e_pow.o) (fabs)
c:/program files (x86)/cypress/psoc creator/4.4/psoc creator/import/gnu/arm/5.4.1/bin/../lib/gcc/arm-none-eabi/5.4.1/../../../../arm-none-eabi/lib/armv7-m\libm.a(lib_a-s_finite.o)
                              c:/program files (x86)/cypress/psoc creator/4.4/psoc creator/import/gnu/arm/5.4.1/bin/../lib/gcc/arm-none-eabi/5.4.1/../../../../arm-none-eabi/lib/armv7-m\libm.a(lib_a-w_pow.o) (finite)
c:/program files (x86)/cypress/psoc creator/4.4/psoc creator/import/gnu/arm/5.4.1/bin/../lib/gcc/arm-none-eabi/5.4.1/../../../../arm-none-eabi/lib/armv7-m\libm.a(lib_a-s_lib_ver.o)
                              c:/program files (x86)/cypress/psoc creator/4.4/psoc creator/import/gnu/arm/5.4.1/bin/../lib/gcc/arm-none-eabi/5.4.1/../../../../arm-none-eabi/lib/armv7-m\libm.a(lib_a-w_pow.o) (__fdlib_version)
c:/program files (x86)/cypress/psoc creator/4.4/psoc creator/import/gnu/arm/5.4.1/bin/../lib/gcc/arm-none-eabi/5.4.1/../../../../arm-none-eabi/lib/armv7-m\libm.a(lib_a-s_matherr.o)
                              c:/program files (x86)/cypress/psoc creator/4.4/psoc creator/import/gnu/arm/5.4.1/bin/../lib/gcc/arm-none-eabi/5.4.1/../../../../arm-none-eabi/lib/armv7-m\libm.a(lib_a-w_pow.o) (matherr)
c:/program files (x86)/cypress/psoc creator/4.4/psoc creator/import/gnu/arm/5.4.1/bin/../lib/gcc/arm-none-eabi/5.4.1/../../../../arm-none-eabi/lib/armv7-m\libm.a(lib_a-s_nan.o)
                              c:/program files (x86)/cypress/psoc creator/4.4/psoc creator/import/gnu/arm/5.4.1/bin/../lib/gcc/arm-none-eabi/5.4.1/../../../../arm-none-eabi/lib/armv7-m\libm.a(lib_a-e_pow.o) (nan)
c:/program files (x86)/cypress/psoc creator/4.4/psoc creator/import/gnu/arm/5.4.1/bin/../lib/gcc/arm-none-eabi/5.4.1/../../../../arm-none-eabi/lib/armv7-m\libm.a(lib_a-s_rint.o)
                              c:/program files (x86)/cypress/psoc creator/4.4/psoc creator/import/gnu/arm/5.4.1/bin/../lib/gcc/arm-none-eabi/5.4.1/../../../../arm-none-eabi/lib/armv7-m\libm.a(lib_a-w_pow.o) (rint)
[...]
Memory Configuration

Name             Origin             Length             Attributes
rom              0x00000000         0x00040000         xr
ram              0x1fff8000         0x00010000         xrw
*default*        0x00000000         0xffffffff

Linker script and memory map

LOAD c:/program files (x86)/cypress/psoc creator/4.4/psoc creator/import/gnu/arm/5.4.1/bin/../lib/gcc/arm-none-eabi/5.4.1/armv7-m/crti.o
LOAD c:/program files (x86)/cypress/psoc creator/4.4/psoc creator/import/gnu/arm/5.4.1/bin/../lib/gcc/arm-none-eabi/5.4.1/armv7-m/crtbegin.o
LOAD c:/program files (x86)/cypress/psoc creator/4.4/psoc creator/import/gnu/arm/5.4.1/bin/../lib/gcc/arm-none-eabi/5.4.1/../../../../arm-none-eabi/lib/armv7-m/crt0.o
START GROUP
LOAD .\CortexM3\ARM_GCC_541\Debug\main.o
LOAD .\CortexM3\ARM_GCC_541\Debug\BMP280.o
LOAD .\CortexM3\ARM_GCC_541\Debug\cyfitter_cfg.o
LOAD .\CortexM3\ARM_GCC_541\Debug\cymetadata.o
LOAD .\CortexM3\ARM_GCC_541\Debug\Cm3Start.o
LOAD .\CortexM3\ARM_GCC_541\Debug\Project_BMP280.a
LOAD C:\Program Files (x86)\Cypress\PSoC Creator\4.4\PSoC Creator\psoc\content\cycomponentlibrary\CyComponentLibrary.cylib\CortexM3\ARM_GCC_541\Debug\CyComponentLibrary.a
LOAD c:/program files (x86)/cypress/psoc creator/4.4/psoc creator/import/gnu/arm/5.4.1/bin/../lib/gcc/arm-none-eabi/5.4.1/../../../../arm-none-eabi/lib/armv7-m\libm.a
LOAD c:/program files (x86)/cypress/psoc creator/4.4/psoc creator/import/gnu/arm/5.4.1/bin/../lib/gcc/arm-none-eabi/5.4.1/../../../../arm-none-eabi/lib/armv7-m\libm.a
END GROUP
START GROUP
LOAD c:/program files (x86)/cypress/psoc creator/4.4/psoc creator/import/gnu/arm/5.4.1/bin/../lib/gcc/arm-none-eabi/5.4.1/armv7-m\libgcc.a
LOAD c:/program files (x86)/cypress/psoc creator/4.4/psoc creator/import/gnu/arm/5.4.1/bin/../lib/gcc/arm-none-eabi/5.4.1/../../../../arm-none-eabi/lib/armv7-m\libg_nano.a
LOAD c:/program files (x86)/cypress/psoc creator/4.4/psoc creator/import/gnu/arm/5.4.1/bin/../lib/gcc/arm-none-eabi/5.4.1/../../../../arm-none-eabi/lib/armv7-m\libc_nano.a
END GROUP
START GROUP
LOAD c:/program files (x86)/cypress/psoc creator/4.4/psoc creator/import/gnu/arm/5.4.1/bin/../lib/gcc/arm-none-eabi/5.4.1/armv7-m\libgcc.a
LOAD c:/program files (x86)/cypress/psoc creator/4.4/psoc creator/import/gnu/arm/5.4.1/bin/../lib/gcc/arm-none-eabi/5.4.1/../../../../arm-none-eabi/lib/armv7-m\libc_nano.a
END GROUP
LOAD c:/program files (x86)/cypress/psoc creator/4.4/psoc creator/import/gnu/arm/5.4.1/bin/../lib/gcc/arm-none-eabi/5.4.1/armv7-m/crtend.o
LOAD c:/program files (x86)/cypress/psoc creator/4.4/psoc creator/import/gnu/arm/5.4.1/bin/../lib/gcc/arm-none-eabi/5.4.1/armv7-m/crtn.o
START GROUP
LOAD c:/program files (x86)/cypress/psoc creator/4.4/psoc creator/import/gnu/arm/5.4.1/bin/../lib/gcc/arm-none-eabi/5.4.1/armv7-m\libgcc.a
LOAD c:/program files (x86)/cypress/psoc creator/4.4/psoc creator/import/gnu/arm/5.4.1/bin/../lib/gcc/arm-none-eabi/5.4.1/../../../../arm-none-eabi/lib/armv7-m\libc.a
LOAD c:/program files (x86)/cypress/psoc creator/4.4/psoc creator/import/gnu/arm/5.4.1/bin/../lib/gcc/arm-none-eabi/5.4.1/../../../../arm-none-eabi/lib/armv7-m\libnosys.a
END GROUP
                0x00000000                CY_APPL_ORIGIN = 0x0
                0x00000100                CY_FLASH_ROW_SIZE = 0x100
                0x00000020                CY_ECC_ROW_SIZE = 0x20
                0x00000000                CY_EE_IN_BTLDR = 0x0
                0x00000000                CY_APPL_LOADABLE = 0x0
                0x00000800                CY_EE_SIZE = 0x800
                0x00000001                CY_APPL_NUM = 0x1
                0x00000001                CY_APPL_MAX = 0x1
                0x00000040                CY_METADATA_SIZE = 0x40
                [!provide]                PROVIDE (__cy_heap_start, _end)
                0x00000001                PROVIDE (__cy_region_num, ((__cy_regions_end - __cy_regions) / 0x10))
                0x20008000                PROVIDE (__cy_stack, (ORIGIN (ram) + LENGTH (ram)))
                [!provide]                PROVIDE (__cy_heap_end, (__cy_stack - 0x800))

.cybootloader   0x00000000        0x0
 *(.cybootloader)
                0x00000000                appl1_start = CY_APPL_ORIGIN?CY_APPL_ORIGIN:ALIGN (CY_FLASH_ROW_SIZE)
                0x0001ff00                appl2_start = (appl1_start + ALIGN ((((LENGTH (rom) - appl1_start) - (0x2 * CY_FLASH_ROW_SIZE)) / 0x2), CY_FLASH_ROW_SIZE))
                0x00000000                appl_start = (CY_APPL_NUM == 0x1)?appl1_start:appl2_start
                0x00000000                ecc_offset = ((appl_start / CY_FLASH_ROW_SIZE) * CY_ECC_ROW_SIZE)
                0x00000000                ee_offset = (CY_APPL_LOADABLE && ! (CY_EE_IN_BTLDR))?((CY_EE_SIZE / CY_APPL_MAX) * (CY_APPL_NUM - 0x1)):0x0
                0x00000800                ee_size = (CY_APPL_LOADABLE && ! (CY_EE_IN_BTLDR))?(CY_EE_SIZE / CY_APPL_MAX):CY_EE_SIZE
                [!provide]                PROVIDE (CY_ECC_OFFSET, ecc_offset)

.text           0x00000000     0x5610
 CREATE_OBJECT_SYMBOLS
                0x00000000                PROVIDE (__cy_interrupt_vector, RomVectors)
 *(.romvectors)
 .romvectors    0x00000000       0x10 .\CortexM3\ARM_GCC_541\Debug\Cm3Start.o
                0x00000000                RomVectors
                0x00000001                ASSERT ((. != __cy_interrupt_vector), No interrupt vector)
                0x00000001                ASSERT (CY_APPL_ORIGIN?(SIZEOF (.cybootloader) <= CY_APPL_ORIGIN):0x1, Wrong image location)
                0x00000010                PROVIDE (__cy_reset, Reset)
 *(.text.Reset)
 .text.Reset    0x00000010       0x18 .\CortexM3\ARM_GCC_541\Debug\Cm3Start.o
                0x00000010                Reset
                0x00000001                ASSERT ((. != __cy_reset), No reset code)
 *(.dma_init)
                0x00000001                ASSERT ((((appl_start + .) <= 0x10000) || 0x1), DMA Init must be within the first 64k of flash)
 *(.text .text.* .gnu.linkonce.t.*)
 .text          0x00000028       0x5c c:/program files (x86)/cypress/psoc creator/4.4/psoc creator/import/gnu/arm/5.4.1/bin/../lib/gcc/arm-none-eabi/5.4.1/armv7-m/crtbegin.o
 .text.main     0x00000084       0x30 .\CortexM3\ARM_GCC_541\Debug\main.o
                0x00000084                main
 .text.BMP280_start
                0x000000b4       0x10 .\CortexM3\ARM_GCC_541\Debug\BMP280.o
                0x000000b4                BMP280_start
 .text.BMP280_init
                0x000000c4      0x230 .\CortexM3\ARM_GCC_541\Debug\BMP280.o
                0x000000c4                BMP280_init
 .text.BMP280_readFloatPressure
                0x000002f4      0x3bc .\CortexM3\ARM_GCC_541\Debug\BMP280.o
                0x000002f4                BMP280_readFloatPressure
 .text.BMP280_readFloatAltitudeMeters
                0x000006b0       0x80 .\CortexM3\ARM_GCC_541\Debug\BMP280.o
                0x000006b0                BMP280_readFloatAltitudeMeters
 .text.BMP280_readTempC
                0x00000730       0xc8 .\CortexM3\ARM_GCC_541\Debug\BMP280.o
                0x00000730                BMP280_readTempC
 .text.BMP280_readRegister
                0x000007f8       0xa4 .\CortexM3\ARM_GCC_541\Debug\BMP280.o
                0x000007f8                BMP280_readRegister
 .text.BMP280_writeRegister
                0x0000089c       0x78 .\CortexM3\ARM_GCC_541\Debug\BMP280.o
                0x0000089c                BMP280_writeRegister
 .text.CYMEMZERO
                0x00000914       0x1c .\CortexM3\ARM_GCC_541\Debug\cyfitter_cfg.o
 .text.CYCONFIGCPY
                0x00000930       0x20 .\CortexM3\ARM_GCC_541\Debug\cyfitter_cfg.o
 .text.CyClockStartupError
                0x00000950        0xc .\CortexM3\ARM_GCC_541\Debug\cyfitter_cfg.o
 .text.cfg_write_bytes32
                0x0000095c       0x74 .\CortexM3\ARM_GCC_541\Debug\cyfitter_cfg.o
 .text.ClockSetup
                0x000009d0       0xd8 .\CortexM3\ARM_GCC_541\Debug\cyfitter_cfg.o
 .text.AnalogSetDefault
                0x00000aa8       0x44 .\CortexM3\ARM_GCC_541\Debug\cyfitter_cfg.o
 .text.cyfitter_cfg
                0x00000aec      0x100 .\CortexM3\ARM_GCC_541\Debug\cyfitter_cfg.o
                0x00000aec                cyfitter_cfg
 .text.IntDefaultHandler
                0x00000bec        0x8 .\CortexM3\ARM_GCC_541\Debug\Cm3Start.o
                0x00000bec                IntDefaultHandler
 .text._sbrk    0x00000bf4       0x50 .\CortexM3\ARM_GCC_541\Debug\Cm3Start.o
                0x00000bf4                _sbrk
 .text.Start_c  0x00000c44       0x98 .\CortexM3\ARM_GCC_541\Debug\Cm3Start.o
                0x00000c44                Start_c
 .text.initialize_psoc
                0x00000cdc       0x90 .\CortexM3\ARM_GCC_541\Debug\Cm3Start.o
                0x00000cdc                initialize_psoc
 .text.I2C_Init
                0x00000d6c       0x84 .\CortexM3\ARM_GCC_541\Debug\Project_BMP280.a(I2C.o)
                0x00000d6c                I2C_Init
 .text.I2C_Enable
                0x00000df0       0x48 .\CortexM3\ARM_GCC_541\Debug\Project_BMP280.a(I2C.o)
                0x00000df0                I2C_Enable
 .text.I2C_Start
                0x00000e38       0x30 .\CortexM3\ARM_GCC_541\Debug\Project_BMP280.a(I2C.o)
                0x00000e38                I2C_Start
 .text.I2C_Stop
                0x00000e68      0x110 .\CortexM3\ARM_GCC_541\Debug\Project_BMP280.a(I2C.o)
                0x00000e68                I2C_Stop
 .text.I2C_ISR  0x00000f78      0x3a8 .\CortexM3\ARM_GCC_541\Debug\Project_BMP280.a(I2C_INT.o)
                0x00000f78                I2C_ISR
 .text.I2C_SaveConfig
                0x00001320       0x58 .\CortexM3\ARM_GCC_541\Debug\Project_BMP280.a(I2C_PM.o)
                0x00001320                I2C_SaveConfig
 .text.I2C_Sleep
                0x00001378       0x3c .\CortexM3\ARM_GCC_541\Debug\Project_BMP280.a(I2C_PM.o)
                0x00001378                I2C_Sleep
 .text.I2C_RestoreConfig
                0x000013b4       0x8c .\CortexM3\ARM_GCC_541\Debug\Project_BMP280.a(I2C_PM.o)
                0x000013b4                I2C_RestoreConfig
 .text.I2C_Wakeup
                0x00001440       0x28 .\CortexM3\ARM_GCC_541\Debug\Project_BMP280.a(I2C_PM.o)
                0x00001440                I2C_Wakeup
 .text.I2C_MasterWriteBuf
                0x00001468      0x108 .\CortexM3\ARM_GCC_541\Debug\Project_BMP280.a(I2C_MASTER.o)
                0x00001468                I2C_MasterWriteBuf
 .text.I2C_MasterReadBuf
                0x00001570      0x110 .\CortexM3\ARM_GCC_541\Debug\Project_BMP280.a(I2C_MASTER.o)
                0x00001570                I2C_MasterReadBuf
 .text.I2C_MasterStatus
                0x00001680       0x50 .\CortexM3\ARM_GCC_541\Debug\Project_BMP280.a(I2C_MASTER.o)
                0x00001680                I2C_MasterStatus
 .text.I2C_MasterClearStatus
                0x000016d0       0x3c .\CortexM3\ARM_GCC_541\Debug\Project_BMP280.a(I2C_MASTER.o)
                0x000016d0                I2C_MasterClearStatus
 .text.CyHalt   0x0000170c       0x18 .\CortexM3\ARM_GCC_541\Debug\Project_BMP280.a(CyLib.o)
                0x0000170c                CyHalt
 .text.CyDelay  0x00001724       0x44 .\CortexM3\ARM_GCC_541\Debug\Project_BMP280.a(CyLib.o)
                0x00001724                CyDelay
 .text.CyIntSetVector
                0x00001768       0x50 .\CortexM3\ARM_GCC_541\Debug\Project_BMP280.a(CyLib.o)
                0x00001768                CyIntSetVector
 .text.CyIntSetPriority
                0x000017b8       0x48 .\CortexM3\ARM_GCC_541\Debug\Project_BMP280.a(CyLib.o)
                0x000017b8                CyIntSetPriority
 .text          0x00001800       0x20 .\CortexM3\ARM_GCC_541\Debug\Project_BMP280.a(CyBootAsmGnu.o)
                0x00001800                CyDelayCycles
                0x00001810                CyEnterCriticalSection
                0x00001818                CyExitCriticalSection
 .text.pow      0x00001820      0x330 c:/program files (x86)/cypress/psoc creator/4.4/psoc creator/import/gnu/arm/5.4.1/bin/../lib/gcc/arm-none-eabi/5.4.1/../../../../arm-none-eabi/lib/armv7-m\libm.a(lib_a-w_pow.o)
                0x00001820                pow
 .text.__ieee754_pow
                0x00001b50      0xac4 c:/program files (x86)/cypress/psoc creator/4.4/psoc creator/import/gnu/arm/5.4.1/bin/../lib/gcc/arm-none-eabi/5.4.1/../../../../arm-none-eabi/lib/armv7-m\libm.a(lib_a-e_pow.o)
                0x00001b50                __ieee754_pow
 .text.__ieee754_sqrt
                0x00002614      0x188 c:/program files (x86)/cypress/psoc creator/4.4/psoc creator/import/gnu/arm/5.4.1/bin/../lib/gcc/arm-none-eabi/5.4.1/../../../../arm-none-eabi/lib/armv7-m\libm.a(lib_a-e_sqrt.o)
                0x00002614                __ieee754_sqrt
 .text.fabs     0x0000279c        0x8 c:/program files (x86)/cypress/psoc creator/4.4/psoc creator/import/gnu/arm/5.4.1/bin/../lib/gcc/arm-none-eabi/5.4.1/../../../../arm-none-eabi/lib/armv7-m\libm.a(lib_a-s_fabs.o)
                0x0000279c                fabs
 .text.finite   0x000027a4        0xc c:/program files (x86)/cypress/psoc creator/4.4/psoc creator/import/gnu/arm/5.4.1/bin/../lib/gcc/arm-none-eabi/5.4.1/../../../../arm-none-eabi/lib/armv7-m\libm.a(lib_a-s_finite.o)
                0x000027a4                finite
 .text.matherr  0x000027b0        0x4 c:/program files (x86)/cypress/psoc creator/4.4/psoc creator/import/gnu/arm/5.4.1/bin/../lib/gcc/arm-none-eabi/5.4.1/../../../../arm-none-eabi/lib/armv7-m\libm.a(lib_a-s_matherr.o)
                0x000027b0                matherr
 .text.nan      0x000027b4        0xc c:/program files (x86)/cypress/psoc creator/4.4/psoc creator/import/gnu/arm/5.4.1/bin/../lib/gcc/arm-none-eabi/5.4.1/../../../../arm-none-eabi/lib/armv7-m\libm.a(lib_a-s_nan.o)
                0x000027b4                nan
 .text.rint     0x000027c0      0x120 c:/program files (x86)/cypress/psoc creator/4.4/psoc creator/import/gnu/arm/5.4.1/bin/../lib/gcc/arm-none-eabi/5.4.1/../../../../arm-none-eabi/lib/armv7-m\libm.a(lib_a-s_rint.o)
                0x000027c0                rint
 .text.scalbn   0x000028e0       0xe4 c:/program files (x86)/cypress/psoc creator/4.4/psoc creator/import/gnu/arm/5.4.1/bin/../lib/gcc/arm-none-eabi/5.4.1/../../../../arm-none-eabi/lib/armv7-m\libm.a(lib_a-s_scalbn.o)
                0x000028e0                scalbn
 .text.copysign
                0x000029c4       0x10 c:/program files (x86)/cypress/psoc creator/4.4/psoc creator/import/gnu/arm/5.4.1/bin/../lib/gcc/arm-none-eabi/5.4.1/../../../../arm-none-eabi/lib/armv7-m\libm.a(lib_a-s_copysign.o)
                0x000029c4                copysign
 .text          0x000029d4      0x370 c:/program files (x86)/cypress/psoc creator/4.4/psoc creator/import/gnu/arm/5.4.1/bin/../lib/gcc/arm-none-eabi/5.4.1/armv7-m\libgcc.a(_arm_addsubdf3.o)
                0x000029d4                __aeabi_drsub
                0x000029dc                __aeabi_dsub
                0x000029dc                __subdf3
                0x000029e0                __aeabi_dadd
                0x000029e0                __adddf3
                0x00002c58                __floatunsidf
                0x00002c58                __aeabi_ui2d
                0x00002c78                __floatsidf
                0x00002c78                __aeabi_i2d
                0x00002c9c                __aeabi_f2d
                0x00002c9c                __extendsfdf2
                0x00002cd8                __floatundidf
                0x00002cd8                __aeabi_ul2d
                0x00002ce8                __floatdidf
                0x00002ce8                __aeabi_l2d
 .text          0x00002d44      0x424 c:/program files (x86)/cypress/psoc creator/4.4/psoc creator/import/gnu/arm/5.4.1/bin/../lib/gcc/arm-none-eabi/5.4.1/armv7-m\libgcc.a(_arm_muldivdf3.o)
                0x00002d44                __aeabi_dmul
                0x00002d44                __muldf3
                0x00002f98                __divdf3
                0x00002f98                __aeabi_ddiv
 .text          0x00003168      0x110 c:/program files (x86)/cypress/psoc creator/4.4/psoc creator/import/gnu/arm/5.4.1/bin/../lib/gcc/arm-none-eabi/5.4.1/armv7-m\libgcc.a(_arm_cmpdf2.o)
                0x00003168                __gtdf2
                0x00003168                __gedf2
                0x00003170                __ltdf2
                0x00003170                __ledf2
                0x00003178                __nedf2
                0x00003178                __eqdf2
                0x00003178                __cmpdf2
                0x000031f4                __aeabi_cdrcmple
                0x00003204                __aeabi_cdcmpeq
                0x00003204                __aeabi_cdcmple
                0x00003214                __aeabi_dcmpeq
                0x00003228                __aeabi_dcmplt
                0x0000323c                __aeabi_dcmple
                0x00003250                __aeabi_dcmpge
                0x00003264                __aeabi_dcmpgt
 .text          0x00003278       0x2c c:/program files (x86)/cypress/psoc creator/4.4/psoc creator/import/gnu/arm/5.4.1/bin/../lib/gcc/arm-none-eabi/5.4.1/armv7-m\libgcc.a(_arm_unorddf2.o)
                0x00003278                __unorddf2
                0x00003278                __aeabi_dcmpun
 .text          0x000032a4       0xa0 c:/program files (x86)/cypress/psoc creator/4.4/psoc creator/import/gnu/arm/5.4.1/bin/../lib/gcc/arm-none-eabi/5.4.1/armv7-m\libgcc.a(_arm_truncdfsf2.o)
                0x000032a4                __truncdfsf2
                0x000032a4                __aeabi_d2f
 .text          0x00003344      0x21c c:/program files (x86)/cypress/psoc creator/4.4/psoc creator/import/gnu/arm/5.4.1/bin/../lib/gcc/arm-none-eabi/5.4.1/armv7-m\libgcc.a(_arm_addsubsf3.o)
                0x00003344                __aeabi_frsub
                0x0000334c                __subsf3
                0x0000334c                __aeabi_fsub
                0x00003350                __aeabi_fadd
                0x00003350                __addsf3
                0x000034b0                __aeabi_ui2f
                0x000034b0                __floatunsisf
                0x000034b8                __aeabi_i2f
                0x000034b8                __floatsisf
                0x000034d4                __aeabi_ul2f
                0x000034d4                __floatundisf
                0x000034e4                __aeabi_l2f
                0x000034e4                __floatdisf
 .text          0x00003560      0x2a0 c:/program files (x86)/cypress/psoc creator/4.4/psoc creator/import/gnu/arm/5.4.1/bin/../lib/gcc/arm-none-eabi/5.4.1/armv7-m\libgcc.a(_arm_muldivsf3.o)
                0x00003560                __mulsf3
                0x00003560                __aeabi_fmul
                0x000036c8                __aeabi_fdiv
                0x000036c8                __divsf3
 .text          0x00003800       0xa0 c:/program files (x86)/cypress/psoc creator/4.4/psoc creator/import/gnu/arm/5.4.1/bin/../lib/gcc/arm-none-eabi/5.4.1/armv7-m\libgcc.a(_aeabi_ldivmod.o)
                0x00003800                __aeabi_ldivmod
 .text          0x000038a0      0x2ec c:/program files (x86)/cypress/psoc creator/4.4/psoc creator/import/gnu/arm/5.4.1/bin/../lib/gcc/arm-none-eabi/5.4.1/armv7-m\libgcc.a(_udivmoddi4.o)
                0x000038a0                __udivmoddi4
 .text          0x00003b8c        0x4 c:/program files (x86)/cypress/psoc creator/4.4/psoc creator/import/gnu/arm/5.4.1/bin/../lib/gcc/arm-none-eabi/5.4.1/armv7-m\libgcc.a(_dvmd_tls.o)
                0x00003b8c                __aeabi_idiv0
                0x00003b8c                __aeabi_ldiv0
 .text.__errno  0x00003b90        0xc c:/program files (x86)/cypress/psoc creator/4.4/psoc creator/import/gnu/arm/5.4.1/bin/../lib/gcc/arm-none-eabi/5.4.1/../../../../arm-none-eabi/lib/armv7-m\libg_nano.a(lib_a-errno.o)
                0x00003b90                __errno
 .text.__libc_init_array
                0x00003b9c       0x4c c:/program files (x86)/cypress/psoc creator/4.4/psoc creator/import/gnu/arm/5.4.1/bin/../lib/gcc/arm-none-eabi/5.4.1/../../../../arm-none-eabi/lib/armv7-m\libg_nano.a(lib_a-init.o)
                0x00003b9c                __libc_init_array
 .text.memcpy   0x00003be8       0x16 c:/program files (x86)/cypress/psoc creator/4.4/psoc creator/import/gnu/arm/5.4.1/bin/../lib/gcc/arm-none-eabi/5.4.1/../../../../arm-none-eabi/lib/armv7-m\libg_nano.a(lib_a-memcpy-stub.o)
                0x00003be8                memcpy
 .text.memset   0x00003bfe       0x10 c:/program files (x86)/cypress/psoc creator/4.4/psoc creator/import/gnu/arm/5.4.1/bin/../lib/gcc/arm-none-eabi/5.4.1/../../../../arm-none-eabi/lib/armv7-m\libg_nano.a(lib_a-memset.o)
                0x00003bfe                memset
 .text.__cvt    0x00003c0e       0xc0 c:/program files (x86)/cypress/psoc creator/4.4/psoc creator/import/gnu/arm/5.4.1/bin/../lib/gcc/arm-none-eabi/5.4.1/../../../../arm-none-eabi/lib/armv7-m\libg_nano.a(lib_a-nano-vfprintf_float.o)
                0x00003c0e                __cvt
 .text.__exponent
                0x00003cce       0x62 c:/program files (x86)/cypress/psoc creator/4.4/psoc creator/import/gnu/arm/5.4.1/bin/../lib/gcc/arm-none-eabi/5.4.1/../../../../arm-none-eabi/lib/armv7-m\libg_nano.a(lib_a-nano-vfprintf_float.o)
                0x00003cce                __exponent
 .text._printf_float
                0x00003d30      0x488 c:/program files (x86)/cypress/psoc creator/4.4/psoc creator/import/gnu/arm/5.4.1/bin/../lib/gcc/arm-none-eabi/5.4.1/../../../../arm-none-eabi/lib/armv7-m\libg_nano.a(lib_a-nano-vfprintf_float.o)
                0x00003d30                _printf_float
 .text._printf_common
                0x000041b8       0xec c:/program files (x86)/cypress/psoc creator/4.4/psoc creator/import/gnu/arm/5.4.1/bin/../lib/gcc/arm-none-eabi/5.4.1/../../../../arm-none-eabi/lib/armv7-m\libg_nano.a(lib_a-nano-vfprintf_i.o)
                0x000041b8                _printf_common
 .text          0x000042a4       0x10 c:/program files (x86)/cypress/psoc creator/4.4/psoc creator/import/gnu/arm/5.4.1/bin/../lib/gcc/arm-none-eabi/5.4.1/../../../../arm-none-eabi/lib/armv7-m\libg_nano.a(lib_a-strlen.o)
                0x000042a4                strlen
 .text.quorem   0x000042b4      0x116 c:/program files (x86)/cypress/psoc creator/4.4/psoc creator/import/gnu/arm/5.4.1/bin/../lib/gcc/arm-none-eabi/5.4.1/../../../../arm-none-eabi/lib/armv7-m\libg_nano.a(lib_a-dtoa.o)
 *fill*         0x000043ca        0x6 
 .text._dtoa_r  0x000043d0      0xb30 c:/program files (x86)/cypress/psoc creator/4.4/psoc creator/import/gnu/arm/5.4.1/bin/../lib/gcc/arm-none-eabi/5.4.1/../../../../arm-none-eabi/lib/armv7-m\libg_nano.a(lib_a-dtoa.o)
                0x000043d0                _dtoa_r
 .text._localeconv_r
                0x00004f00        0x8 c:/program files (x86)/cypress/psoc creator/4.4/psoc creator/import/gnu/arm/5.4.1/bin/../lib/gcc/arm-none-eabi/5.4.1/../../../../arm-none-eabi/lib/armv7-m\libg_nano.a(lib_a-locale.o)
                0x00004f00                _localeconv_r
 .text.malloc   0x00004f08       0x10 c:/program files (x86)/cypress/psoc creator/4.4/psoc creator/import/gnu/arm/5.4.1/bin/../lib/gcc/arm-none-eabi/5.4.1/../../../../arm-none-eabi/lib/armv7-m\libg_nano.a(lib_a-malloc.o)
                0x00004f08                malloc
 .text._Balloc  0x00004f18       0x6a c:/program files (x86)/cypress/psoc creator/4.4/psoc creator/import/gnu/arm/5.4.1/bin/../lib/gcc/arm-none-eabi/5.4.1/../../../../arm-none-eabi/lib/armv7-m\libg_nano.a(lib_a-mprec.o)
                0x00004f18                _Balloc
 .text._Bfree   0x00004f82       0x2e c:/program files (x86)/cypress/psoc creator/4.4/psoc creator/import/gnu/arm/5.4.1/bin/../lib/gcc/arm-none-eabi/5.4.1/../../../../arm-none-eabi/lib/armv7-m\libg_nano.a(lib_a-mprec.o)
                0x00004f82                _Bfree
 .text.__multadd
                0x00004fb0       0x76 c:/program files (x86)/cypress/psoc creator/4.4/psoc creator/import/gnu/arm/5.4.1/bin/../lib/gcc/arm-none-eabi/5.4.1/../../../../arm-none-eabi/lib/armv7-m\libg_nano.a(lib_a-mprec.o)
                0x00004fb0                __multadd
 .text.__hi0bits
                0x00005026       0x40 c:/program files (x86)/cypress/psoc creator/4.4/psoc creator/import/gnu/arm/5.4.1/bin/../lib/gcc/arm-none-eabi/5.4.1/../../../../arm-none-eabi/lib/armv7-m\libg_nano.a(lib_a-mprec.o)
                0x00005026                __hi0bits
 .text.__lo0bits
                0x00005066       0x5a c:/program files (x86)/cypress/psoc creator/4.4/psoc creator/import/gnu/arm/5.4.1/bin/../lib/gcc/arm-none-eabi/5.4.1/../../../../arm-none-eabi/lib/armv7-m\libg_nano.a(lib_a-mprec.o)
                0x00005066                __lo0bits
 .text.__i2b    0x000050c0       0x12 c:/program files (x86)/cypress/psoc creator/4.4/psoc creator/import/gnu/arm/5.4.1/bin/../lib/gcc/arm-none-eabi/5.4.1/../../../../arm-none-eabi/lib/armv7-m\libg_nano.a(lib_a-mprec.o)
                0x000050c0                __i2b
 .text.__multiply
                0x000050d2      0x120 c:/program files (x86)/cypress/psoc creator/4.4/psoc creator/import/gnu/arm/5.4.1/bin/../lib/gcc/arm-none-eabi/5.4.1/../../../../arm-none-eabi/lib/armv7-m\libg_nano.a(lib_a-mprec.o)
                0x000050d2                __multiply
 *fill*         0x000051f2        0x2 
 .text.__pow5mult
                0x000051f4       0x9c c:/program files (x86)/cypress/psoc creator/4.4/psoc creator/import/gnu/arm/5.4.1/bin/../lib/gcc/arm-none-eabi/5.4.1/../../../../arm-none-eabi/lib/armv7-m\libg_nano.a(lib_a-mprec.o)
                0x000051f4                __pow5mult
 .text.__lshift
                0x00005290       0xa2 c:/program files (x86)/cypress/psoc creator/4.4/psoc creator/import/gnu/arm/5.4.1/bin/../lib/gcc/arm-none-eabi/5.4.1/../../../../arm-none-eabi/lib/armv7-m\libg_nano.a(lib_a-mprec.o)
                0x00005290                __lshift
 .text.__mcmp   0x00005332       0x38 c:/program files (x86)/cypress/psoc creator/4.4/psoc creator/import/gnu/arm/5.4.1/bin/../lib/gcc/arm-none-eabi/5.4.1/../../../../arm-none-eabi/lib/armv7-m\libg_nano.a(lib_a-mprec.o)
                0x00005332                __mcmp
 .text.__mdiff  0x0000536a       0xbe c:/program files (x86)/cypress/psoc creator/4.4/psoc creator/import/gnu/arm/5.4.1/bin/../lib/gcc/arm-none-eabi/5.4.1/../../../../arm-none-eabi/lib/armv7-m\libg_nano.a(lib_a-mprec.o)
                0x0000536a                __mdiff
 .text.__d2b    0x00005428       0x9c c:/program files (x86)/cypress/psoc creator/4.4/psoc creator/import/gnu/arm/5.4.1/bin/../lib/gcc/arm-none-eabi/5.4.1/../../../../arm-none-eabi/lib/armv7-m\libg_nano.a(lib_a-mprec.o)
                0x00005428                __d2b
 .text._calloc_r
                0x000054c4       0x1c c:/program files (x86)/cypress/psoc creator/4.4/psoc creator/import/gnu/arm/5.4.1/bin/../lib/gcc/arm-none-eabi/5.4.1/../../../../arm-none-eabi/lib/armv7-m\libg_nano.a(lib_a-nano-callocr.o)
                0x000054c4                _calloc_r
 .text._malloc_r
                0x000054e0       0xbc c:/program files (x86)/cypress/psoc creator/4.4/psoc creator/import/gnu/arm/5.4.1/bin/../lib/gcc/arm-none-eabi/5.4.1/../../../../arm-none-eabi/lib/armv7-m\libg_nano.a(lib_a-nano-mallocr.o)
                0x000054e0                _malloc_r
 .text._sbrk_r  0x0000559c       0x20 c:/program files (x86)/cypress/psoc creator/4.4/psoc creator/import/gnu/arm/5.4.1/bin/../lib/gcc/arm-none-eabi/5.4.1/../../../../arm-none-eabi/lib/armv7-m\libg_nano.a(lib_a-sbrkr.o)
                0x0000559c                _sbrk_r
 .text.__malloc_lock
                0x000055bc        0x2 c:/program files (x86)/cypress/psoc creator/4.4/psoc creator/import/gnu/arm/5.4.1/bin/../lib/gcc/arm-none-eabi/5.4.1/../../../../arm-none-eabi/lib/armv7-m\libg_nano.a(lib_a-mlock.o)
                0x000055bc                __malloc_lock
 .text.__malloc_unlock
                0x000055be        0x2 c:/program files (x86)/cypress/psoc creator/4.4/psoc creator/import/gnu/arm/5.4.1/bin/../lib/gcc/arm-none-eabi/5.4.1/../../../../arm-none-eabi/lib/armv7-m\libg_nano.a(lib_a-mlock.o)
                0x000055be                __malloc_unlock
 .text          0x000055c0       0x50 c:/program files (x86)/cypress/psoc creator/4.4/psoc creator/import/gnu/arm/5.4.1/bin/../lib/gcc/arm-none-eabi/5.4.1/armv7-m\libgcc.a(_arm_fixdfsi.o)
                0x000055c0                __aeabi_d2iz
                0x000055c0                __fixdfsi
 *(.plt)
 *(.gnu.warning)
 *(.glue_7t)
 .glue_7t       0x00005610        0x0 linker stubs
 *(.glue_7)
 .glue_7        0x00005610        0x0 linker stubs
 *(.vfp11_veneer)
 .vfp11_veneer  0x00005610        0x0 linker stubs
 *(.bootloader)
 *(.ARM.extab* .gnu.linkonce.armextab.*)
 *(.gcc_except_table)

.v4_bx          0x00005610        0x0
 .v4_bx         0x00005610        0x0 linker stubs

.iplt           0x00005610        0x0
 .iplt          0x00005610        0x0 c:/program files (x86)/cypress/psoc creator/4.4/psoc creator/import/gnu/arm/5.4.1/bin/../lib/gcc/arm-none-eabi/5.4.1/armv7-m/crtbegin.o

.eh_frame_hdr
 *(.eh_frame_hdr)

.eh_frame       0x00005610        0x4
 *(.eh_frame)
 .eh_frame      0x00005610        0x0 c:/program files (x86)/cypress/psoc creator/4.4/psoc creator/import/gnu/arm/5.4.1/bin/../lib/gcc/arm-none-eabi/5.4.1/armv7-m/crtbegin.o
 .eh_frame      0x00005610        0x4 c:/program files (x86)/cypress/psoc creator/4.4/psoc creator/import/gnu/arm/5.4.1/bin/../lib/gcc/arm-none-eabi/5.4.1/armv7-m/crtend.o
                [!provide]                PROVIDE (__exidx_start, .)

.ARM.exidx      0x00005614        0x8
 *(.ARM.exidx* .gnu.linkonce.armexidx.*)
 .ARM.exidx     0x00005614        0x8 c:/program files (x86)/cypress/psoc creator/4.4/psoc creator/import/gnu/arm/5.4.1/bin/../lib/gcc/arm-none-eabi/5.4.1/armv7-m\libgcc.a(_udivmoddi4.o)
                0x0000561c                __exidx_end = .

.rodata         0x00005620      0x1b8
 *(.rodata .rodata.* .gnu.linkonce.r.*)
 .rodata        0x00005620       0x36 .\CortexM3\ARM_GCC_541\Debug\cyfitter_cfg.o
 *fill*         0x00005656        0x2 
 .rodata.str1.4
                0x00005658        0x4 c:/program files (x86)/cypress/psoc creator/4.4/psoc creator/import/gnu/arm/5.4.1/bin/../lib/gcc/arm-none-eabi/5.4.1/../../../../arm-none-eabi/lib/armv7-m\libm.a(lib_a-w_pow.o)
 .rodata.str1.4
                0x0000565c        0x4 c:/program files (x86)/cypress/psoc creator/4.4/psoc creator/import/gnu/arm/5.4.1/bin/../lib/gcc/arm-none-eabi/5.4.1/../../../../arm-none-eabi/lib/armv7-m\libm.a(lib_a-e_pow.o)
                                  0x1 (size before relaxing)
 .rodata.TWO52  0x00005660       0x10 c:/program files (x86)/cypress/psoc creator/4.4/psoc creator/import/gnu/arm/5.4.1/bin/../lib/gcc/arm-none-eabi/5.4.1/../../../../arm-none-eabi/lib/armv7-m\libm.a(lib_a-s_rint.o)
 .rodata.str1.1
                0x00005670        0x2 c:/program files (x86)/cypress/psoc creator/4.4/psoc creator/import/gnu/arm/5.4.1/bin/../lib/gcc/arm-none-eabi/5.4.1/../../../../arm-none-eabi/lib/armv7-m\libg_nano.a(lib_a-impure.o)
 .rodata.str1.1
                0x00005672       0x12 c:/program files (x86)/cypress/psoc creator/4.4/psoc creator/import/gnu/arm/5.4.1/bin/../lib/gcc/arm-none-eabi/5.4.1/../../../../arm-none-eabi/lib/armv7-m\libg_nano.a(lib_a-nano-vfprintf_float.o)
 .rodata.str1.1
                0x00005684        0xd c:/program files (x86)/cypress/psoc creator/4.4/psoc creator/import/gnu/arm/5.4.1/bin/../lib/gcc/arm-none-eabi/5.4.1/../../../../arm-none-eabi/lib/armv7-m\libg_nano.a(lib_a-dtoa.o)
                                  0xf (size before relaxing)
 .rodata.str1.1
                0x00005691        0x8 c:/program files (x86)/cypress/psoc creator/4.4/psoc creator/import/gnu/arm/5.4.1/bin/../lib/gcc/arm-none-eabi/5.4.1/../../../../arm-none-eabi/lib/armv7-m\libg_nano.a(lib_a-locale.o)
                                  0xb (size before relaxing)
 *fill*         0x00005699        0x7 
 .rodata.__mprec_tens
                0x000056a0       0xc8 c:/program files (x86)/cypress/psoc creator/4.4/psoc creator/import/gnu/arm/5.4.1/bin/../lib/gcc/arm-none-eabi/5.4.1/../../../../arm-none-eabi/lib/armv7-m\libg_nano.a(lib_a-mprec.o)
                0x000056a0                __mprec_tens
 .rodata.p05.5408
                0x00005768        0xc c:/program files (x86)/cypress/psoc creator/4.4/psoc creator/import/gnu/arm/5.4.1/bin/../lib/gcc/arm-none-eabi/5.4.1/../../../../arm-none-eabi/lib/armv7-m\libg_nano.a(lib_a-mprec.o)
 *fill*         0x00005774        0x4 
 .rodata.__mprec_bigtens
                0x00005778       0x28 c:/program files (x86)/cypress/psoc creator/4.4/psoc creator/import/gnu/arm/5.4.1/bin/../lib/gcc/arm-none-eabi/5.4.1/../../../../arm-none-eabi/lib/armv7-m\libg_nano.a(lib_a-mprec.o)
                0x00005778                __mprec_bigtens
                0x000057a0                . = ALIGN (0x4)
 *(.init)
 .init          0x000057a0        0x4 c:/program files (x86)/cypress/psoc creator/4.4/psoc creator/import/gnu/arm/5.4.1/bin/../lib/gcc/arm-none-eabi/5.4.1/armv7-m/crti.o
                0x000057a0                _init
 .init          0x000057a4        0x8 c:/program files (x86)/cypress/psoc creator/4.4/psoc creator/import/gnu/arm/5.4.1/bin/../lib/gcc/arm-none-eabi/5.4.1/armv7-m/crtn.o
                0x000057ac                . = ALIGN (0x4)
                0x000057ac                __preinit_array_start = .
 *(.preinit_array)
                0x000057ac                __preinit_array_end = .
                0x000057ac                . = ALIGN (0x4)
                0x000057ac                __init_array_start = .
 *(SORT(.init_array.*))
 *(.init_array)
 .init_array    0x000057ac        0x4 c:/program files (x86)/cypress/psoc creator/4.4/psoc creator/import/gnu/arm/5.4.1/bin/../lib/gcc/arm-none-eabi/5.4.1/armv7-m/crtbegin.o
 .init_array    0x000057b0        0x4 .\CortexM3\ARM_GCC_541\Debug\Cm3Start.o
                0x000057b4                __init_array_end = .
                0x000057b4                . = ALIGN (0x4)
 *(.fini)
 .fini          0x000057b4        0x4 c:/program files (x86)/cypress/psoc creator/4.4/psoc creator/import/gnu/arm/5.4.1/bin/../lib/gcc/arm-none-eabi/5.4.1/armv7-m/crti.o
                0x000057b4                _fini
 .fini          0x000057b8        0x8 c:/program files (x86)/cypress/psoc creator/4.4/psoc creator/import/gnu/arm/5.4.1/bin/../lib/gcc/arm-none-eabi/5.4.1/armv7-m/crtn.o
                0x000057c0                . = ALIGN (0x4)
                0x000057c0                __fini_array_start = .
 *(.fini_array)
 .fini_array    0x000057c0        0x4 c:/program files (x86)/cypress/psoc creator/4.4/psoc creator/import/gnu/arm/5.4.1/bin/../lib/gcc/arm-none-eabi/5.4.1/armv7-m/crtbegin.o
 *(SORT(.fini_array.*))
                0x000057c4                __fini_array_end = .
                0x000057c4                . = ALIGN (0x4)
 *crtbegin.o(.ctors)
 *(EXCLUDE_FILE(*crtend.o) .ctors)
 *(SORT(.ctors.*))
 *crtend.o(.ctors)
                0x000057c4                . = ALIGN (0x4)
 *crtbegin.o(.dtors)
 *(EXCLUDE_FILE(*crtend.o) .dtors)
 *(SORT(.dtors.*))
 *crtend.o(.dtors)
                0x000057c4                . = ALIGN (0x4)
                0x000057c4                __cy_regions = .
                0x000057c4        0x4 LONG 0x57d8 __cy_region_init_ram
                0x000057c8        0x4 LONG 0x1fff80c8 __cy_region_start_data
                0x000057cc        0x4 LONG 0xf0 __cy_region_init_size_ram
                0x000057d0        0x4 LONG 0x40 __cy_region_zero_size_ram
                0x000057d4                __cy_regions_end = .
                0x000057d8                . = ALIGN (0x8)
 *fill*         0x000057d4        0x4 
                0x000057d8                _etext = .

.ramvectors     0x1fff8000       0xc0
                0x1fff8000                __cy_region_start_ram = .
 *(.ramvectors)
 .ramvectors    0x1fff8000       0xc0 .\CortexM3\ARM_GCC_541\Debug\Cm3Start.o
                0x1fff8000                CyRamVectors

.noinit         0x1fff80c0        0x5
 *(.noinit)
 .noinit        0x1fff80c0        0x4 .\CortexM3\ARM_GCC_541\Debug\Cm3Start.o
 .noinit        0x1fff80c4        0x1 .\CortexM3\ARM_GCC_541\Debug\Project_BMP280.a(CyLib.o)
                0x1fff80c4                CyResetStatus

.data           0x1fff80c8       0xf0 load address 0x000057d8
                0x1fff80c8                __cy_region_start_data = .
 *(.jcr)
 .jcr           0x1fff80c8        0x0 c:/program files (x86)/cypress/psoc creator/4.4/psoc creator/import/gnu/arm/5.4.1/bin/../lib/gcc/arm-none-eabi/5.4.1/armv7-m/crtbegin.o
 .jcr           0x1fff80c8        0x4 c:/program files (x86)/cypress/psoc creator/4.4/psoc creator/import/gnu/arm/5.4.1/bin/../lib/gcc/arm-none-eabi/5.4.1/armv7-m/crtend.o
 *(.got.plt)
 *(.got)
 *(.shdata)
 *(.data .data.* .gnu.linkonce.d.*)
 .data          0x1fff80cc       0x2c .\CortexM3\ARM_GCC_541\Debug\BMP280.o
                0x1fff80cc                bmp280
 .data          0x1fff80f8        0x4 .\CortexM3\ARM_GCC_541\Debug\Cm3Start.o
 .data          0x1fff80fc        0x6 .\CortexM3\ARM_GCC_541\Debug\Project_BMP280.a(I2C_PM.o)
                0x1fff80fc                I2C_backup
 *fill*         0x1fff8102        0x2 
 .data          0x1fff8104       0x10 .\CortexM3\ARM_GCC_541\Debug\Project_BMP280.a(CyLib.o)
                0x1fff8104                cydelay_freq_hz
                0x1fff8108                cydelay_freq_khz
                0x1fff810c                cydelay_freq_mhz
                0x1fff8110                cydelay_32k_ms
 .data.__fdlib_version
                0x1fff8114        0x1 c:/program files (x86)/cypress/psoc creator/4.4/psoc creator/import/gnu/arm/5.4.1/bin/../lib/gcc/arm-none-eabi/5.4.1/../../../../arm-none-eabi/lib/armv7-m\libm.a(lib_a-s_lib_ver.o)
                0x1fff8114                __fdlib_version
 *fill*         0x1fff8115        0x3 
 .data.impure_data
                0x1fff8118       0x60 c:/program files (x86)/cypress/psoc creator/4.4/psoc creator/import/gnu/arm/5.4.1/bin/../lib/gcc/arm-none-eabi/5.4.1/../../../../arm-none-eabi/lib/armv7-m\libg_nano.a(lib_a-impure.o)
 .data._impure_ptr
                0x1fff8178        0x4 c:/program files (x86)/cypress/psoc creator/4.4/psoc creator/import/gnu/arm/5.4.1/bin/../lib/gcc/arm-none-eabi/5.4.1/../../../../arm-none-eabi/lib/armv7-m\libg_nano.a(lib_a-impure.o)
                0x1fff8178                _impure_ptr
 .data.lconv    0x1fff817c       0x38 c:/program files (x86)/cypress/psoc creator/4.4/psoc creator/import/gnu/arm/5.4.1/bin/../lib/gcc/arm-none-eabi/5.4.1/../../../../arm-none-eabi/lib/armv7-m\libg_nano.a(lib_a-locale.o)
                0x1fff81b8                . = ALIGN (0x8)
 *fill*         0x1fff81b4        0x4 
 *(.ram)
                0x1fff81b8                _edata = .

.igot.plt       0x1fff81b8        0x0 load address 0x000058c8
 .igot.plt      0x1fff81b8        0x0 c:/program files (x86)/cypress/psoc creator/4.4/psoc creator/import/gnu/arm/5.4.1/bin/../lib/gcc/arm-none-eabi/5.4.1/armv7-m/crtbegin.o

.bss            0x1fff81b8       0x40 load address 0x000058c8
                0x1fff81b8                PROVIDE (__bss_start__, .)
 *(.shbss)
 *(.bss .bss.* .gnu.linkonce.b.*)
 .bss           0x1fff81b8       0x1c c:/program files (x86)/cypress/psoc creator/4.4/psoc creator/import/gnu/arm/5.4.1/bin/../lib/gcc/arm-none-eabi/5.4.1/armv7-m/crtbegin.o
 .bss           0x1fff81d4        0x1 .\CortexM3\ARM_GCC_541\Debug\Project_BMP280.a(I2C.o)
                0x1fff81d4                I2C_initVar
 *fill*         0x1fff81d5        0x3 
 .bss.__malloc_sbrk_start
                0x1fff81d8        0x4 c:/program files (x86)/cypress/psoc creator/4.4/psoc creator/import/gnu/arm/5.4.1/bin/../lib/gcc/arm-none-eabi/5.4.1/../../../../arm-none-eabi/lib/armv7-m\libg_nano.a(lib_a-nano-mallocr.o)
                0x1fff81d8                __malloc_sbrk_start
 .bss.__malloc_free_list
                0x1fff81dc        0x4 c:/program files (x86)/cypress/psoc creator/4.4/psoc creator/import/gnu/arm/5.4.1/bin/../lib/gcc/arm-none-eabi/5.4.1/../../../../arm-none-eabi/lib/armv7-m\libg_nano.a(lib_a-nano-mallocr.o)
                0x1fff81dc                __malloc_free_list
 *(COMMON)
 COMMON         0x1fff81e0        0x1 .\CortexM3\ARM_GCC_541\Debug\Project_BMP280.a(I2C.o)
                0x1fff81e0                I2C_state
 *fill*         0x1fff81e1        0x3 
 COMMON         0x1fff81e4       0x10 .\CortexM3\ARM_GCC_541\Debug\Project_BMP280.a(I2C_MASTER.o)
                0x1fff81e4                I2C_mstrWrBufIndex
                0x1fff81e5                I2C_mstrWrBufSize
                0x1fff81e6                I2C_mstrStatus
                0x1fff81e8                I2C_mstrRdBufPtr
                0x1fff81ec                I2C_mstrControl
                0x1fff81ed                I2C_mstrRdBufSize
                0x1fff81ee                I2C_mstrRdBufIndex
                0x1fff81f0                I2C_mstrWrBufPtr
 COMMON         0x1fff81f4        0x4 c:/program files (x86)/cypress/psoc creator/4.4/psoc creator/import/gnu/arm/5.4.1/bin/../lib/gcc/arm-none-eabi/5.4.1/../../../../arm-none-eabi/lib/armv7-m\libg_nano.a(lib_a-reent.o)
                0x1fff81f4                errno
                0x1fff81f8                . = ALIGN (0x8)
 *(.ram.b)
                0x1fff81f8                _end = .
                0x1fff81f8                __end = .
                0x1fff81f8                PROVIDE (end, .)
                0x1fff81f8                PROVIDE (__bss_end__, .)
                0x000057d8                __cy_region_init_ram = LOADADDR (.data)
                0x000000f0                __cy_region_init_size_ram = (_edata - ADDR (.data))
                0x00000040                __cy_region_zero_size_ram = (_end - _edata)

.heap           0x1fff81f8       0x80 load address 0x000058c8
                0x1fff81f8                . = _end
                0x1fff8278                . = (. + 0x80)
 *fill*         0x1fff81f8       0x80 
                0x1fff8278                __cy_heap_limit = .

.stack          0x20007800      0x800
                0x20007800                __cy_stack_limit = .
                0x20008000                . = (. + 0x800)
 *fill*         0x20007800      0x800 
                0x00000001                ASSERT ((__cy_stack_limit >= __cy_heap_limit), region RAM overflowed with stack)

.cyloadermeta
 *(.cyloadermeta)

.cyloadablemeta
 *(.cyloadablemeta)

.cyconfigecc    0x80000000       0xd0
 *(.cyconfigecc)
 .cyconfigecc   0x80000000       0xd0 .\CortexM3\ARM_GCC_541\Debug\cymetadata.o
                0x80000000                cy_meta_configecc

.cycustnvl      0x90000000        0x4
 *(.cycustnvl)
 .cycustnvl     0x90000000        0x4 .\CortexM3\ARM_GCC_541\Debug\cymetadata.o
                0x90000000                cy_meta_custnvl

.cywolatch      0x90100000        0x4
 *(.cywolatch)
 .cywolatch     0x90100000        0x4 .\CortexM3\ARM_GCC_541\Debug\cymetadata.o
                0x90100000                cy_meta_wonvl

.cyeeprom       0x90200000        0x0
 *(.cyeeprom)
                0x00000001                ASSERT ((. <= ((0x90200000 + ee_offset) + ee_size)), .cyeeprom data will not fit in EEPROM)

.cyflashprotect
                0x90400000      0x100
 *(.cyflashprotect)
 .cyflashprotect
                0x90400000      0x100 .\CortexM3\ARM_GCC_541\Debug\cymetadata.o
                0x90400000                cy_meta_flashprotect

.cymeta         0x90500000        0xc
 *(.cymeta)
 .cymeta        0x90500000        0xc .\CortexM3\ARM_GCC_541\Debug\cymetadata.o
                0x90500000                cy_metadata

.rel.dyn        0x000058c8        0x0 load address 0x9050000c
 .rel.iplt      0x000058c8        0x0 c:/program files (x86)/cypress/psoc creator/4.4/psoc creator/import/gnu/arm/5.4.1/bin/../lib/gcc/arm-none-eabi/5.4.1/armv7-m/crtbegin.o

.stab
 *(.stab)

.stabstr
 *(.stabstr)

.debug
 *(.debug)

.line
 *(.line)

.debug_srcinfo
 *(.debug_srcinfo)

.debug_sfnames
 *(.debug_sfnames)

.debug_aranges  0x00000000      0x698
 *(.debug_aranges)
 .debug_aranges
                0x00000000       0x20 .\CortexM3\ARM_GCC_541\Debug\main.o
 .debug_aranges
                0x00000020       0x70 .\CortexM3\ARM_GCC_541\Debug\BMP280.o
 .debug_aranges
                0x00000090       0x60 .\CortexM3\ARM_GCC_541\Debug\cyfitter_cfg.o
 .debug_aranges
                0x000000f0       0x18 .\CortexM3\ARM_GCC_541\Debug\cymetadata.o
 .debug_aranges
                0x00000108       0x48 .\CortexM3\ARM_GCC_541\Debug\Cm3Start.o
 .debug_aranges
                0x00000150       0x38 .\CortexM3\ARM_GCC_541\Debug\Project_BMP280.a(I2C.o)
 .debug_aranges
                0x00000188       0x20 .\CortexM3\ARM_GCC_541\Debug\Project_BMP280.a(I2C_INT.o)
 .debug_aranges
                0x000001a8       0x38 .\CortexM3\ARM_GCC_541\Debug\Project_BMP280.a(I2C_PM.o)
 .debug_aranges
                0x000001e0       0x80 .\CortexM3\ARM_GCC_541\Debug\Project_BMP280.a(I2C_MASTER.o)
 .debug_aranges
                0x00000260      0x290 .\CortexM3\ARM_GCC_541\Debug\Project_BMP280.a(CyLib.o)
 .debug_aranges
                0x000004f0       0x90 .\CortexM3\ARM_GCC_541\Debug\Project_BMP280.a(cyPm.o)
 .debug_aranges
                0x00000580       0x20 .\CortexM3\ARM_GCC_541\Debug\Project_BMP280.a(CyBootAsmGnu.o)
 .debug_aranges
                0x000005a0       0x80 .\CortexM3\ARM_GCC_541\Debug\Project_BMP280.a(CyFlash.o)
 .debug_aranges
                0x00000620       0x78 .\CortexM3\ARM_GCC_541\Debug\Project_BMP280.a(CySpc.o)

.debug_pubnames
 *(.debug_pubnames)

.debug_info     0x00000000     0x31b9
 *(.debug_info .gnu.linkonce.wi.*)
 .debug_info    0x00000000       0xcb .\CortexM3\ARM_GCC_541\Debug\main.o
 .debug_info    0x000000cb      0x4ed .\CortexM3\ARM_GCC_541\Debug\BMP280.o
 .debug_info    0x000005b8      0x397 .\CortexM3\ARM_GCC_541\Debug\cyfitter_cfg.o
 .debug_info    0x0000094f      0x134 .\CortexM3\ARM_GCC_541\Debug\cymetadata.o
 .debug_info    0x00000a83      0x32f .\CortexM3\ARM_GCC_541\Debug\Cm3Start.o
 .debug_info    0x00000db2      0x1fe .\CortexM3\ARM_GCC_541\Debug\Project_BMP280.a(I2C.o)
 .debug_info    0x00000fb0      0x154 .\CortexM3\ARM_GCC_541\Debug\Project_BMP280.a(I2C_INT.o)
 .debug_info    0x00001104      0x197 .\CortexM3\ARM_GCC_541\Debug\Project_BMP280.a(I2C_PM.o)
 .debug_info    0x0000129b      0x3f6 .\CortexM3\ARM_GCC_541\Debug\Project_BMP280.a(I2C_MASTER.o)
 .debug_info    0x00001691      0xd8c .\CortexM3\ARM_GCC_541\Debug\Project_BMP280.a(CyLib.o)
 .debug_info    0x0000241d      0x542 .\CortexM3\ARM_GCC_541\Debug\Project_BMP280.a(cyPm.o)
 .debug_info    0x0000295f       0x8c .\CortexM3\ARM_GCC_541\Debug\Project_BMP280.a(CyBootAsmGnu.o)
 .debug_info    0x000029eb      0x371 .\CortexM3\ARM_GCC_541\Debug\Project_BMP280.a(CyFlash.o)
 .debug_info    0x00002d5c      0x45d .\CortexM3\ARM_GCC_541\Debug\Project_BMP280.a(CySpc.o)

.debug_abbrev   0x00000000      0xf48
 *(.debug_abbrev)
 .debug_abbrev  0x00000000       0x67 .\CortexM3\ARM_GCC_541\Debug\main.o
 .debug_abbrev  0x00000067      0x130 .\CortexM3\ARM_GCC_541\Debug\BMP280.o
 .debug_abbrev  0x00000197      0x19d .\CortexM3\ARM_GCC_541\Debug\cyfitter_cfg.o
 .debug_abbrev  0x00000334       0x5d .\CortexM3\ARM_GCC_541\Debug\cymetadata.o
 .debug_abbrev  0x00000391      0x1e5 .\CortexM3\ARM_GCC_541\Debug\Cm3Start.o
 .debug_abbrev  0x00000576       0xe2 .\CortexM3\ARM_GCC_541\Debug\Project_BMP280.a(I2C.o)
 .debug_abbrev  0x00000658       0x8e .\CortexM3\ARM_GCC_541\Debug\Project_BMP280.a(I2C_INT.o)
 .debug_abbrev  0x000006e6       0xf8 .\CortexM3\ARM_GCC_541\Debug\Project_BMP280.a(I2C_PM.o)
 .debug_abbrev  0x000007de      0x12b .\CortexM3\ARM_GCC_541\Debug\Project_BMP280.a(I2C_MASTER.o)
 .debug_abbrev  0x00000909      0x217 .\CortexM3\ARM_GCC_541\Debug\Project_BMP280.a(CyLib.o)
 .debug_abbrev  0x00000b20      0x16e .\CortexM3\ARM_GCC_541\Debug\Project_BMP280.a(cyPm.o)
 .debug_abbrev  0x00000c8e       0x14 .\CortexM3\ARM_GCC_541\Debug\Project_BMP280.a(CyBootAsmGnu.o)
 .debug_abbrev  0x00000ca2      0x12d .\CortexM3\ARM_GCC_541\Debug\Project_BMP280.a(CyFlash.o)
 .debug_abbrev  0x00000dcf      0x179 .\CortexM3\ARM_GCC_541\Debug\Project_BMP280.a(CySpc.o)

.debug_line     0x00000000     0x1e27
 *(.debug_line)
 .debug_line    0x00000000      0x17a .\CortexM3\ARM_GCC_541\Debug\main.o
 .debug_line    0x0000017a      0x2c6 .\CortexM3\ARM_GCC_541\Debug\BMP280.o
 .debug_line    0x00000440      0x1e8 .\CortexM3\ARM_GCC_541\Debug\cyfitter_cfg.o
 .debug_line    0x00000628      0x141 .\CortexM3\ARM_GCC_541\Debug\cymetadata.o
 .debug_line    0x00000769      0x1d3 .\CortexM3\ARM_GCC_541\Debug\Cm3Start.o
 .debug_line    0x0000093c       0xd5 .\CortexM3\ARM_GCC_541\Debug\Project_BMP280.a(I2C.o)
 .debug_line    0x00000a11      0x13b .\CortexM3\ARM_GCC_541\Debug\Project_BMP280.a(I2C_INT.o)
 .debug_line    0x00000b4c       0xbb .\CortexM3\ARM_GCC_541\Debug\Project_BMP280.a(I2C_PM.o)
 .debug_line    0x00000c07      0x1e8 .\CortexM3\ARM_GCC_541\Debug\Project_BMP280.a(I2C_MASTER.o)
 .debug_line    0x00000def      0x842 .\CortexM3\ARM_GCC_541\Debug\Project_BMP280.a(CyLib.o)
 .debug_line    0x00001631      0x379 .\CortexM3\ARM_GCC_541\Debug\Project_BMP280.a(cyPm.o)
 .debug_line    0x000019aa       0x66 .\CortexM3\ARM_GCC_541\Debug\Project_BMP280.a(CyBootAsmGnu.o)
 .debug_line    0x00001a10      0x205 .\CortexM3\ARM_GCC_541\Debug\Project_BMP280.a(CyFlash.o)
 .debug_line    0x00001c15      0x212 .\CortexM3\ARM_GCC_541\Debug\Project_BMP280.a(CySpc.o)

.debug_frame    0x00000000     0x2290
 *(.debug_frame)
 .debug_frame   0x00000000       0x2c .\CortexM3\ARM_GCC_541\Debug\main.o
 .debug_frame   0x0000002c      0x1c0 .\CortexM3\ARM_GCC_541\Debug\BMP280.o
 .debug_frame   0x000001ec      0x16c .\CortexM3\ARM_GCC_541\Debug\cyfitter_cfg.o
 .debug_frame   0x00000358       0xd4 .\CortexM3\ARM_GCC_541\Debug\Cm3Start.o
 .debug_frame   0x0000042c       0x98 .\CortexM3\ARM_GCC_541\Debug\Project_BMP280.a(I2C.o)
 .debug_frame   0x000004c4       0x38 .\CortexM3\ARM_GCC_541\Debug\Project_BMP280.a(I2C_INT.o)
 .debug_frame   0x000004fc       0x94 .\CortexM3\ARM_GCC_541\Debug\Project_BMP280.a(I2C_PM.o)
 .debug_frame   0x00000590      0x208 .\CortexM3\ARM_GCC_541\Debug\Project_BMP280.a(I2C_MASTER.o)
 .debug_frame   0x00000798      0xbcc .\CortexM3\ARM_GCC_541\Debug\Project_BMP280.a(CyLib.o)
 .debug_frame   0x00001364      0x218 .\CortexM3\ARM_GCC_541\Debug\Project_BMP280.a(cyPm.o)
 .debug_frame   0x0000157c      0x210 .\CortexM3\ARM_GCC_541\Debug\Project_BMP280.a(CyFlash.o)
 .debug_frame   0x0000178c      0x1f8 .\CortexM3\ARM_GCC_541\Debug\Project_BMP280.a(CySpc.o)
 .debug_frame   0x00001984       0x4c c:/program files (x86)/cypress/psoc creator/4.4/psoc creator/import/gnu/arm/5.4.1/bin/../lib/gcc/arm-none-eabi/5.4.1/../../../../arm-none-eabi/lib/armv7-m\libm.a(lib_a-w_pow.o)
 .debug_frame   0x000019d0       0x68 c:/program files (x86)/cypress/psoc creator/4.4/psoc creator/import/gnu/arm/5.4.1/bin/../lib/gcc/arm-none-eabi/5.4.1/../../../../arm-none-eabi/lib/armv7-m\libm.a(lib_a-e_pow.o)
 .debug_frame   0x00001a38       0x30 c:/program files (x86)/cypress/psoc creator/4.4/psoc creator/import/gnu/arm/5.4.1/bin/../lib/gcc/arm-none-eabi/5.4.1/../../../../arm-none-eabi/lib/armv7-m\libm.a(lib_a-e_sqrt.o)
 .debug_frame   0x00001a68       0x20 c:/program files (x86)/cypress/psoc creator/4.4/psoc creator/import/gnu/arm/5.4.1/bin/../lib/gcc/arm-none-eabi/5.4.1/../../../../arm-none-eabi/lib/armv7-m\libm.a(lib_a-s_fabs.o)
 .debug_frame   0x00001a88       0x20 c:/program files (x86)/cypress/psoc creator/4.4/psoc creator/import/gnu/arm/5.4.1/bin/../lib/gcc/arm-none-eabi/5.4.1/../../../../arm-none-eabi/lib/armv7-m\libm.a(lib_a-s_finite.o)
 .debug_frame   0x00001aa8       0x20 c:/program files (x86)/cypress/psoc creator/4.4/psoc creator/import/gnu/arm/5.4.1/bin/../lib/gcc/arm-none-eabi/5.4.1/../../../../arm-none-eabi/lib/armv7-m\libm.a(lib_a-s_matherr.o)
 .debug_frame   0x00001ac8       0x20 c:/program files (x86)/cypress/psoc creator/4.4/psoc creator/import/gnu/arm/5.4.1/bin/../lib/gcc/arm-none-eabi/5.4.1/../../../../arm-none-eabi/lib/armv7-m\libm.a(lib_a-s_nan.o)
 .debug_frame   0x00001ae8       0x3c c:/program files (x86)/cypress/psoc creator/4.4/psoc creator/import/gnu/arm/5.4.1/bin/../lib/gcc/arm-none-eabi/5.4.1/../../../../arm-none-eabi/lib/armv7-m\libm.a(lib_a-s_rint.o)
 .debug_frame   0x00001b24       0x30 c:/program files (x86)/cypress/psoc creator/4.4/psoc creator/import/gnu/arm/5.4.1/bin/../lib/gcc/arm-none-eabi/5.4.1/../../../../arm-none-eabi/lib/armv7-m\libm.a(lib_a-s_scalbn.o)
 .debug_frame   0x00001b54       0x20 c:/program files (x86)/cypress/psoc creator/4.4/psoc creator/import/gnu/arm/5.4.1/bin/../lib/gcc/arm-none-eabi/5.4.1/../../../../arm-none-eabi/lib/armv7-m\libm.a(lib_a-s_copysign.o)
 .debug_frame   0x00001b74       0x44 c:/program files (x86)/cypress/psoc creator/4.4/psoc creator/import/gnu/arm/5.4.1/bin/../lib/gcc/arm-none-eabi/5.4.1/armv7-m\libgcc.a(_aeabi_ldivmod.o)
 .debug_frame   0x00001bb8       0x38 c:/program files (x86)/cypress/psoc creator/4.4/psoc creator/import/gnu/arm/5.4.1/bin/../lib/gcc/arm-none-eabi/5.4.1/armv7-m\libgcc.a(_udivmoddi4.o)
 .debug_frame   0x00001bf0       0x20 c:/program files (x86)/cypress/psoc creator/4.4/psoc creator/import/gnu/arm/5.4.1/bin/../lib/gcc/arm-none-eabi/5.4.1/../../../../arm-none-eabi/lib/armv7-m\libg_nano.a(lib_a-errno.o)
 .debug_frame   0x00001c10       0x28 c:/program files (x86)/cypress/psoc creator/4.4/psoc creator/import/gnu/arm/5.4.1/bin/../lib/gcc/arm-none-eabi/5.4.1/../../../../arm-none-eabi/lib/armv7-m\libg_nano.a(lib_a-exit.o)
 .debug_frame   0x00001c38       0x2c c:/program files (x86)/cypress/psoc creator/4.4/psoc creator/import/gnu/arm/5.4.1/bin/../lib/gcc/arm-none-eabi/5.4.1/../../../../arm-none-eabi/lib/armv7-m\libg_nano.a(lib_a-init.o)
 .debug_frame   0x00001c64       0x28 c:/program files (x86)/cypress/psoc creator/4.4/psoc creator/import/gnu/arm/5.4.1/bin/../lib/gcc/arm-none-eabi/5.4.1/../../../../arm-none-eabi/lib/armv7-m\libg_nano.a(lib_a-memcpy-stub.o)
 .debug_frame   0x00001c8c       0x20 c:/program files (x86)/cypress/psoc creator/4.4/psoc creator/import/gnu/arm/5.4.1/bin/../lib/gcc/arm-none-eabi/5.4.1/../../../../arm-none-eabi/lib/armv7-m\libg_nano.a(lib_a-memset.o)
 .debug_frame   0x00001cac       0x8c c:/program files (x86)/cypress/psoc creator/4.4/psoc creator/import/gnu/arm/5.4.1/bin/../lib/gcc/arm-none-eabi/5.4.1/../../../../arm-none-eabi/lib/armv7-m\libg_nano.a(lib_a-nano-vfprintf_float.o)
 .debug_frame   0x00001d38       0x60 c:/program files (x86)/cypress/psoc creator/4.4/psoc creator/import/gnu/arm/5.4.1/bin/../lib/gcc/arm-none-eabi/5.4.1/../../../../arm-none-eabi/lib/armv7-m\libg_nano.a(lib_a-nano-vfprintf_i.o)
 .debug_frame   0x00001d98       0x6c c:/program files (x86)/cypress/psoc creator/4.4/psoc creator/import/gnu/arm/5.4.1/bin/../lib/gcc/arm-none-eabi/5.4.1/../../../../arm-none-eabi/lib/armv7-m\libg_nano.a(lib_a-dtoa.o)
 .debug_frame   0x00001e04       0x98 c:/program files (x86)/cypress/psoc creator/4.4/psoc creator/import/gnu/arm/5.4.1/bin/../lib/gcc/arm-none-eabi/5.4.1/../../../../arm-none-eabi/lib/armv7-m\libg_nano.a(lib_a-locale.o)
 .debug_frame   0x00001e9c       0x30 c:/program files (x86)/cypress/psoc creator/4.4/psoc creator/import/gnu/arm/5.4.1/bin/../lib/gcc/arm-none-eabi/5.4.1/../../../../arm-none-eabi/lib/armv7-m\libg_nano.a(lib_a-malloc.o)
 .debug_frame   0x00001ecc       0x28 c:/program files (x86)/cypress/psoc creator/4.4/psoc creator/import/gnu/arm/5.4.1/bin/../lib/gcc/arm-none-eabi/5.4.1/../../../../arm-none-eabi/lib/armv7-m\libg_nano.a(lib_a-memchr-stub.o)
 .debug_frame   0x00001ef4      0x234 c:/program files (x86)/cypress/psoc creator/4.4/psoc creator/import/gnu/arm/5.4.1/bin/../lib/gcc/arm-none-eabi/5.4.1/../../../../arm-none-eabi/lib/armv7-m\libg_nano.a(lib_a-mprec.o)
 .debug_frame   0x00002128       0x2c c:/program files (x86)/cypress/psoc creator/4.4/psoc creator/import/gnu/arm/5.4.1/bin/../lib/gcc/arm-none-eabi/5.4.1/../../../../arm-none-eabi/lib/armv7-m\libg_nano.a(lib_a-nano-callocr.o)
 .debug_frame   0x00002154       0x38 c:/program files (x86)/cypress/psoc creator/4.4/psoc creator/import/gnu/arm/5.4.1/bin/../lib/gcc/arm-none-eabi/5.4.1/../../../../arm-none-eabi/lib/armv7-m\libg_nano.a(lib_a-nano-freer.o)
 .debug_frame   0x0000218c       0x2c c:/program files (x86)/cypress/psoc creator/4.4/psoc creator/import/gnu/arm/5.4.1/bin/../lib/gcc/arm-none-eabi/5.4.1/../../../../arm-none-eabi/lib/armv7-m\libg_nano.a(lib_a-nano-mallocr.o)
 .debug_frame   0x000021b8       0x2c c:/program files (x86)/cypress/psoc creator/4.4/psoc creator/import/gnu/arm/5.4.1/bin/../lib/gcc/arm-none-eabi/5.4.1/../../../../arm-none-eabi/lib/armv7-m\libg_nano.a(lib_a-sbrkr.o)
 .debug_frame   0x000021e4       0x20 c:/program files (x86)/cypress/psoc creator/4.4/psoc creator/import/gnu/arm/5.4.1/bin/../lib/gcc/arm-none-eabi/5.4.1/../../../../arm-none-eabi/lib/armv7-m\libg_nano.a(lib_a-strcmp.o)
 .debug_frame   0x00002204       0x30 c:/program files (x86)/cypress/psoc creator/4.4/psoc creator/import/gnu/arm/5.4.1/bin/../lib/gcc/arm-none-eabi/5.4.1/../../../../arm-none-eabi/lib/armv7-m\libg_nano.a(lib_a-mlock.o)
 .debug_frame   0x00002234       0x5c c:/program files (x86)/cypress/psoc creator/4.4/psoc creator/import/gnu/arm/5.4.1/bin/../lib/gcc/arm-none-eabi/5.4.1/../../../../arm-none-eabi/lib/armv7-m\libg_nano.a(lib_a-reent.o)

.debug_str      0x00000000     0x179c
 *(.debug_str)
 .debug_str     0x00000000      0x15a .\CortexM3\ARM_GCC_541\Debug\main.o
                                0x1a2 (size before relaxing)
 .debug_str     0x0000015a      0x299 .\CortexM3\ARM_GCC_541\Debug\BMP280.o
                                0x45e (size before relaxing)
 .debug_str     0x000003f3      0x167 .\CortexM3\ARM_GCC_541\Debug\cyfitter_cfg.o
                                0x2ff (size before relaxing)
 .debug_str     0x0000055a       0x75 .\CortexM3\ARM_GCC_541\Debug\cymetadata.o
                                0x1e0 (size before relaxing)
 .debug_str     0x000005cf      0x11e .\CortexM3\ARM_GCC_541\Debug\Cm3Start.o
                                0x2d3 (size before relaxing)
 .debug_str     0x000006ed       0xec .\CortexM3\ARM_GCC_541\Debug\Project_BMP280.a(I2C.o)
                                0x282 (size before relaxing)
 .debug_str     0x000007d9       0x86 .\CortexM3\ARM_GCC_541\Debug\Project_BMP280.a(I2C_INT.o)
                                0x254 (size before relaxing)
 .debug_str     0x0000085f       0x56 .\CortexM3\ARM_GCC_541\Debug\Project_BMP280.a(I2C_PM.o)
                                0x238 (size before relaxing)
 .debug_str     0x000008b5      0x175 .\CortexM3\ARM_GCC_541\Debug\Project_BMP280.a(I2C_MASTER.o)
                                0x3a0 (size before relaxing)
 .debug_str     0x00000a2a      0x79f .\CortexM3\ARM_GCC_541\Debug\Project_BMP280.a(CyLib.o)
                                0x993 (size before relaxing)
 .debug_str     0x000011c9      0x36f .\CortexM3\ARM_GCC_541\Debug\Project_BMP280.a(cyPm.o)
                                0x523 (size before relaxing)
 .debug_str     0x00001538      0x145 .\CortexM3\ARM_GCC_541\Debug\Project_BMP280.a(CyFlash.o)
                                0x2f2 (size before relaxing)
 .debug_str     0x0000167d      0x11f .\CortexM3\ARM_GCC_541\Debug\Project_BMP280.a(CySpc.o)
                                0x2ef (size before relaxing)

.debug_loc
 *(.debug_loc)

.debug_macinfo
 *(.debug_macinfo)

.debug_ranges   0x00000000      0x5a0
 *(.debug_ranges)
 .debug_ranges  0x00000000       0x10 .\CortexM3\ARM_GCC_541\Debug\main.o
 .debug_ranges  0x00000010       0x60 .\CortexM3\ARM_GCC_541\Debug\BMP280.o
 .debug_ranges  0x00000070       0x50 .\CortexM3\ARM_GCC_541\Debug\cyfitter_cfg.o
 .debug_ranges  0x000000c0       0x38 .\CortexM3\ARM_GCC_541\Debug\Cm3Start.o
 .debug_ranges  0x000000f8       0x28 .\CortexM3\ARM_GCC_541\Debug\Project_BMP280.a(I2C.o)
 .debug_ranges  0x00000120       0x10 .\CortexM3\ARM_GCC_541\Debug\Project_BMP280.a(I2C_INT.o)
 .debug_ranges  0x00000130       0x28 .\CortexM3\ARM_GCC_541\Debug\Project_BMP280.a(I2C_PM.o)
 .debug_ranges  0x00000158       0x70 .\CortexM3\ARM_GCC_541\Debug\Project_BMP280.a(I2C_MASTER.o)
 .debug_ranges  0x000001c8      0x280 .\CortexM3\ARM_GCC_541\Debug\Project_BMP280.a(CyLib.o)
 .debug_ranges  0x00000448       0x80 .\CortexM3\ARM_GCC_541\Debug\Project_BMP280.a(cyPm.o)
 .debug_ranges  0x000004c8       0x70 .\CortexM3\ARM_GCC_541\Debug\Project_BMP280.a(CyFlash.o)
 .debug_ranges  0x00000538       0x68 .\CortexM3\ARM_GCC_541\Debug\Project_BMP280.a(CySpc.o)

.comment        0x00000000       0x6e
 .comment       0x00000000       0x6e .\CortexM3\ARM_GCC_541\Debug\main.o
                                 0x6f (size before relaxing)
 .comment       0x0000006e       0x6f .\CortexM3\ARM_GCC_541\Debug\BMP280.o
 .comment       0x0000006e       0x6f .\CortexM3\ARM_GCC_541\Debug\cyfitter_cfg.o
 .comment       0x0000006e       0x6f .\CortexM3\ARM_GCC_541\Debug\cymetadata.o
 .comment       0x0000006e       0x6f .\CortexM3\ARM_GCC_541\Debug\Cm3Start.o
 .comment       0x0000006e       0x6f .\CortexM3\ARM_GCC_541\Debug\Project_BMP280.a(I2C.o)
 .comment       0x0000006e       0x6f .\CortexM3\ARM_GCC_541\Debug\Project_BMP280.a(I2C_INT.o)
 .comment       0x0000006e       0x6f .\CortexM3\ARM_GCC_541\Debug\Project_BMP280.a(I2C_PM.o)
 .comment       0x0000006e       0x6f .\CortexM3\ARM_GCC_541\Debug\Project_BMP280.a(I2C_MASTER.o)
 .comment       0x0000006e       0x6f .\CortexM3\ARM_GCC_541\Debug\Project_BMP280.a(CyLib.o)
 .comment       0x0000006e       0x6f .\CortexM3\ARM_GCC_541\Debug\Project_BMP280.a(cyPm.o)
 .comment       0x0000006e       0x6f .\CortexM3\ARM_GCC_541\Debug\Project_BMP280.a(CyFlash.o)
 .comment       0x0000006e       0x6f .\CortexM3\ARM_GCC_541\Debug\Project_BMP280.a(CySpc.o)

.debug_weaknames
 *(.debug_weaknames)

.debug_funcnames
 *(.debug_funcnames)

.debug_typenames
 *(.debug_typenames)

.debug_varnames
 *(.debug_varnames)

.note.gnu.arm.ident
 *(.note.gnu.arm.ident)

.ARM.attributes
                0x00000000       0x29
 *(.ARM.attributes)
 .ARM.attributes
                0x00000000       0x1d c:/program files (x86)/cypress/psoc creator/4.4/psoc creator/import/gnu/arm/5.4.1/bin/../lib/gcc/arm-none-eabi/5.4.1/armv7-m/crti.o
 .ARM.attributes
                0x0000001d       0x2d c:/program files (x86)/cypress/psoc creator/4.4/psoc creator/import/gnu/arm/5.4.1/bin/../lib/gcc/arm-none-eabi/5.4.1/armv7-m/crtbegin.o
 .ARM.attributes
                0x0000004a       0x1b c:/program files (x86)/cypress/psoc creator/4.4/psoc creator/import/gnu/arm/5.4.1/bin/../lib/gcc/arm-none-eabi/5.4.1/../../../../arm-none-eabi/lib/armv7-m/crt0.o
 .ARM.attributes
                0x00000065       0x33 .\CortexM3\ARM_GCC_541\Debug\main.o
 .ARM.attributes
                0x00000098       0x33 .\CortexM3\ARM_GCC_541\Debug\BMP280.o
 .ARM.attributes
                0x000000cb       0x33 .\CortexM3\ARM_GCC_541\Debug\cyfitter_cfg.o
 .ARM.attributes
                0x000000fe       0x33 .\CortexM3\ARM_GCC_541\Debug\cymetadata.o
 .ARM.attributes
                0x00000131       0x33 .\CortexM3\ARM_GCC_541\Debug\Cm3Start.o
 .ARM.attributes
                0x00000164       0x33 .\CortexM3\ARM_GCC_541\Debug\Project_BMP280.a(I2C.o)
 .ARM.attributes
                0x00000197       0x33 .\CortexM3\ARM_GCC_541\Debug\Project_BMP280.a(I2C_INT.o)
 .ARM.attributes
                0x000001ca       0x33 .\CortexM3\ARM_GCC_541\Debug\Project_BMP280.a(I2C_PM.o)
 .ARM.attributes
                0x000001fd       0x33 .\CortexM3\ARM_GCC_541\Debug\Project_BMP280.a(I2C_MASTER.o)
 .ARM.attributes
                0x00000230       0x33 .\CortexM3\ARM_GCC_541\Debug\Project_BMP280.a(CyLib.o)
 .ARM.attributes
                0x00000263       0x33 .\CortexM3\ARM_GCC_541\Debug\Project_BMP280.a(cyPm.o)
 .ARM.attributes
                0x00000296       0x21 .\CortexM3\ARM_GCC_541\Debug\Project_BMP280.a(CyBootAsmGnu.o)
 .ARM.attributes
                0x000002b7       0x33 .\CortexM3\ARM_GCC_541\Debug\Project_BMP280.a(CyFlash.o)
 .ARM.attributes
                0x000002ea       0x33 .\CortexM3\ARM_GCC_541\Debug\Project_BMP280.a(CySpc.o)
 .ARM.attributes
                0x0000031d       0x2d c:/program files (x86)/cypress/psoc creator/4.4/psoc creator/import/gnu/arm/5.4.1/bin/../lib/gcc/arm-none-eabi/5.4.1/../../../../arm-none-eabi/lib/armv7-m\libm.a(lib_a-w_pow.o)
 .ARM.attributes
                0x0000034a       0x2d c:/program files (x86)/cypress/psoc creator/4.4/psoc creator/import/gnu/arm/5.4.1/bin/../lib/gcc/arm-none-eabi/5.4.1/../../../../arm-none-eabi/lib/armv7-m\libm.a(lib_a-e_pow.o)
 .ARM.attributes
                0x00000377       0x2d c:/program files (x86)/cypress/psoc creator/4.4/psoc creator/import/gnu/arm/5.4.1/bin/../lib/gcc/arm-none-eabi/5.4.1/../../../../arm-none-eabi/lib/armv7-m\libm.a(lib_a-e_sqrt.o)
 .ARM.attributes
                0x000003a4       0x2d c:/program files (x86)/cypress/psoc creator/4.4/psoc creator/import/gnu/arm/5.4.1/bin/../lib/gcc/arm-none-eabi/5.4.1/../../../../arm-none-eabi/lib/armv7-m\libm.a(lib_a-s_fabs.o)
 .ARM.attributes
                0x000003d1       0x2d c:/program files (x86)/cypress/psoc creator/4.4/psoc creator/import/gnu/arm/5.4.1/bin/../lib/gcc/arm-none-eabi/5.4.1/../../../../arm-none-eabi/lib/armv7-m\libm.a(lib_a-s_finite.o)
 .ARM.attributes
                0x000003fe       0x2d c:/program files (x86)/cypress/psoc creator/4.4/psoc creator/import/gnu/arm/5.4.1/bin/../lib/gcc/arm-none-eabi/5.4.1/../../../../arm-none-eabi/lib/armv7-m\libm.a(lib_a-s_lib_ver.o)
 .ARM.attributes
                0x0000042b       0x2d c:/program files (x86)/cypress/psoc creator/4.4/psoc creator/import/gnu/arm/5.4.1/bin/../lib/gcc/arm-none-eabi/5.4.1/../../../../arm-none-eabi/lib/armv7-m\libm.a(lib_a-s_matherr.o)
 .ARM.attributes
                0x00000458       0x2d c:/program files (x86)/cypress/psoc creator/4.4/psoc creator/import/gnu/arm/5.4.1/bin/../lib/gcc/arm-none-eabi/5.4.1/../../../../arm-none-eabi/lib/armv7-m\libm.a(lib_a-s_nan.o)
 .ARM.attributes
                0x00000485       0x2d c:/program files (x86)/cypress/psoc creator/4.4/psoc creator/import/gnu/arm/5.4.1/bin/../lib/gcc/arm-none-eabi/5.4.1/../../../../arm-none-eabi/lib/armv7-m\libm.a(lib_a-s_rint.o)
 .ARM.attributes
                0x000004b2       0x2d c:/program files (x86)/cypress/psoc creator/4.4/psoc creator/import/gnu/arm/5.4.1/bin/../lib/gcc/arm-none-eabi/5.4.1/../../../../arm-none-eabi/lib/armv7-m\libm.a(lib_a-s_scalbn.o)
 .ARM.attributes
                0x000004df       0x2d c:/program files (x86)/cypress/psoc creator/4.4/psoc creator/import/gnu/arm/5.4.1/bin/../lib/gcc/arm-none-eabi/5.4.1/../../../../arm-none-eabi/lib/armv7-m\libm.a(lib_a-s_copysign.o)
 .ARM.attributes
                0x0000050c       0x1d c:/program files (x86)/cypress/psoc creator/4.4/psoc creator/import/gnu/arm/5.4.1/bin/../lib/gcc/arm-none-eabi/5.4.1/armv7-m\libgcc.a(_arm_addsubdf3.o)
 .ARM.attributes
                0x00000529       0x1d c:/program files (x86)/cypress/psoc creator/4.4/psoc creator/import/gnu/arm/5.4.1/bin/../lib/gcc/arm-none-eabi/5.4.1/armv7-m\libgcc.a(_arm_muldivdf3.o)
 .ARM.attributes
                0x00000546       0x1d c:/program files (x86)/cypress/psoc creator/4.4/psoc creator/import/gnu/arm/5.4.1/bin/../lib/gcc/arm-none-eabi/5.4.1/armv7-m\libgcc.a(_arm_cmpdf2.o)
 .ARM.attributes
                0x00000563       0x1d c:/program files (x86)/cypress/psoc creator/4.4/psoc creator/import/gnu/arm/5.4.1/bin/../lib/gcc/arm-none-eabi/5.4.1/armv7-m\libgcc.a(_arm_unorddf2.o)
 .ARM.attributes
                0x00000580       0x1d c:/program files (x86)/cypress/psoc creator/4.4/psoc creator/import/gnu/arm/5.4.1/bin/../lib/gcc/arm-none-eabi/5.4.1/armv7-m\libgcc.a(_arm_truncdfsf2.o)
 .ARM.attributes
                0x0000059d       0x1d c:/program files (x86)/cypress/psoc creator/4.4/psoc creator/import/gnu/arm/5.4.1/bin/../lib/gcc/arm-none-eabi/5.4.1/armv7-m\libgcc.a(_arm_addsubsf3.o)
 .ARM.attributes
                0x000005ba       0x1d c:/program files (x86)/cypress/psoc creator/4.4/psoc creator/import/gnu/arm/5.4.1/bin/../lib/gcc/arm-none-eabi/5.4.1/armv7-m\libgcc.a(_arm_muldivsf3.o)
 .ARM.attributes
                0x000005d7       0x1d c:/program files (x86)/cypress/psoc creator/4.4/psoc creator/import/gnu/arm/5.4.1/bin/../lib/gcc/arm-none-eabi/5.4.1/armv7-m\libgcc.a(_aeabi_ldivmod.o)
 .ARM.attributes
                0x000005f4       0x2d c:/program files (x86)/cypress/psoc creator/4.4/psoc creator/import/gnu/arm/5.4.1/bin/../lib/gcc/arm-none-eabi/5.4.1/armv7-m\libgcc.a(_udivmoddi4.o)
 .ARM.attributes
                0x00000621       0x1d c:/program files (x86)/cypress/psoc creator/4.4/psoc creator/import/gnu/arm/5.4.1/bin/../lib/gcc/arm-none-eabi/5.4.1/armv7-m\libgcc.a(_dvmd_tls.o)
 .ARM.attributes
                0x0000063e       0x2d c:/program files (x86)/cypress/psoc creator/4.4/psoc creator/import/gnu/arm/5.4.1/bin/../lib/gcc/arm-none-eabi/5.4.1/../../../../arm-none-eabi/lib/armv7-m\libg_nano.a(lib_a-errno.o)
 .ARM.attributes
                0x0000066b       0x2d c:/program files (x86)/cypress/psoc creator/4.4/psoc creator/import/gnu/arm/5.4.1/bin/../lib/gcc/arm-none-eabi/5.4.1/../../../../arm-none-eabi/lib/armv7-m\libg_nano.a(lib_a-exit.o)
 .ARM.attributes
                0x00000698       0x2d c:/program files (x86)/cypress/psoc creator/4.4/psoc creator/import/gnu/arm/5.4.1/bin/../lib/gcc/arm-none-eabi/5.4.1/../../../../arm-none-eabi/lib/armv7-m\libg_nano.a(lib_a-impure.o)
 .ARM.attributes
                0x000006c5       0x2d c:/program files (x86)/cypress/psoc creator/4.4/psoc creator/import/gnu/arm/5.4.1/bin/../lib/gcc/arm-none-eabi/5.4.1/../../../../arm-none-eabi/lib/armv7-m\libg_nano.a(lib_a-init.o)
 .ARM.attributes
                0x000006f2       0x2d c:/program files (x86)/cypress/psoc creator/4.4/psoc creator/import/gnu/arm/5.4.1/bin/../lib/gcc/arm-none-eabi/5.4.1/../../../../arm-none-eabi/lib/armv7-m\libg_nano.a(lib_a-memcpy-stub.o)
 .ARM.attributes
                0x0000071f       0x2d c:/program files (x86)/cypress/psoc creator/4.4/psoc creator/import/gnu/arm/5.4.1/bin/../lib/gcc/arm-none-eabi/5.4.1/../../../../arm-none-eabi/lib/armv7-m\libg_nano.a(lib_a-memset.o)
 .ARM.attributes
                0x0000074c       0x2d c:/program files (x86)/cypress/psoc creator/4.4/psoc creator/import/gnu/arm/5.4.1/bin/../lib/gcc/arm-none-eabi/5.4.1/../../../../arm-none-eabi/lib/armv7-m\libg_nano.a(lib_a-nano-vfprintf_float.o)
 .ARM.attributes
                0x00000779       0x2d c:/program files (x86)/cypress/psoc creator/4.4/psoc creator/import/gnu/arm/5.4.1/bin/../lib/gcc/arm-none-eabi/5.4.1/../../../../arm-none-eabi/lib/armv7-m\libg_nano.a(lib_a-nano-vfprintf_i.o)
 .ARM.attributes
                0x000007a6       0x17 c:/program files (x86)/cypress/psoc creator/4.4/psoc creator/import/gnu/arm/5.4.1/bin/../lib/gcc/arm-none-eabi/5.4.1/../../../../arm-none-eabi/lib/armv7-m\libg_nano.a(lib_a-strlen.o)
 .ARM.attributes
                0x000007bd       0x2d c:/program files (x86)/cypress/psoc creator/4.4/psoc creator/import/gnu/arm/5.4.1/bin/../lib/gcc/arm-none-eabi/5.4.1/../../../../arm-none-eabi/lib/armv7-m\libg_nano.a(lib_a-dtoa.o)
 .ARM.attributes
                0x000007ea       0x2d c:/program files (x86)/cypress/psoc creator/4.4/psoc creator/import/gnu/arm/5.4.1/bin/../lib/gcc/arm-none-eabi/5.4.1/../../../../arm-none-eabi/lib/armv7-m\libg_nano.a(lib_a-locale.o)
 .ARM.attributes
                0x00000817       0x2d c:/program files (x86)/cypress/psoc creator/4.4/psoc creator/import/gnu/arm/5.4.1/bin/../lib/gcc/arm-none-eabi/5.4.1/../../../../arm-none-eabi/lib/armv7-m\libg_nano.a(lib_a-malloc.o)
 .ARM.attributes
                0x00000844       0x2d c:/program files (x86)/cypress/psoc creator/4.4/psoc creator/import/gnu/arm/5.4.1/bin/../lib/gcc/arm-none-eabi/5.4.1/../../../../arm-none-eabi/lib/armv7-m\libg_nano.a(lib_a-memchr-stub.o)
 .ARM.attributes
                0x00000871       0x2d c:/program files (x86)/cypress/psoc creator/4.4/psoc creator/import/gnu/arm/5.4.1/bin/../lib/gcc/arm-none-eabi/5.4.1/../../../../arm-none-eabi/lib/armv7-m\libg_nano.a(lib_a-mprec.o)
 .ARM.attributes
                0x0000089e       0x2d c:/program files (x86)/cypress/psoc creator/4.4/psoc creator/import/gnu/arm/5.4.1/bin/../lib/gcc/arm-none-eabi/5.4.1/../../../../arm-none-eabi/lib/armv7-m\libg_nano.a(lib_a-nano-callocr.o)
 .ARM.attributes
                0x000008cb       0x2d c:/program files (x86)/cypress/psoc creator/4.4/psoc creator/import/gnu/arm/5.4.1/bin/../lib/gcc/arm-none-eabi/5.4.1/../../../../arm-none-eabi/lib/armv7-m\libg_nano.a(lib_a-nano-freer.o)
 .ARM.attributes
                0x000008f8       0x2d c:/program files (x86)/cypress/psoc creator/4.4/psoc creator/import/gnu/arm/5.4.1/bin/../lib/gcc/arm-none-eabi/5.4.1/../../../../arm-none-eabi/lib/armv7-m\libg_nano.a(lib_a-nano-mallocr.o)
 .ARM.attributes
                0x00000925       0x2d c:/program files (x86)/cypress/psoc creator/4.4/psoc creator/import/gnu/arm/5.4.1/bin/../lib/gcc/arm-none-eabi/5.4.1/../../../../arm-none-eabi/lib/armv7-m\libg_nano.a(lib_a-sbrkr.o)
 .ARM.attributes
                0x00000952       0x1b c:/program files (x86)/cypress/psoc creator/4.4/psoc creator/import/gnu/arm/5.4.1/bin/../lib/gcc/arm-none-eabi/5.4.1/../../../../arm-none-eabi/lib/armv7-m\libg_nano.a(lib_a-strcmp.o)
 .ARM.attributes
                0x0000096d       0x2d c:/program files (x86)/cypress/psoc creator/4.4/psoc creator/import/gnu/arm/5.4.1/bin/../lib/gcc/arm-none-eabi/5.4.1/../../../../arm-none-eabi/lib/armv7-m\libg_nano.a(lib_a-mlock.o)
 .ARM.attributes
                0x0000099a       0x2d c:/program files (x86)/cypress/psoc creator/4.4/psoc creator/import/gnu/arm/5.4.1/bin/../lib/gcc/arm-none-eabi/5.4.1/../../../../arm-none-eabi/lib/armv7-m\libg_nano.a(lib_a-reent.o)
 .ARM.attributes
                0x000009c7       0x1d c:/program files (x86)/cypress/psoc creator/4.4/psoc creator/import/gnu/arm/5.4.1/bin/../lib/gcc/arm-none-eabi/5.4.1/armv7-m\libgcc.a(_arm_fixdfsi.o)
 .ARM.attributes
                0x000009e4       0x2d c:/program files (x86)/cypress/psoc creator/4.4/psoc creator/import/gnu/arm/5.4.1/bin/../lib/gcc/arm-none-eabi/5.4.1/armv7-m/crtend.o
 .ARM.attributes
                0x00000a11       0x1d c:/program files (x86)/cypress/psoc creator/4.4/psoc creator/import/gnu/arm/5.4.1/bin/../lib/gcc/arm-none-eabi/5.4.1/armv7-m/crtn.o

/DISCARD/
 *(.note.GNU-stack)
OUTPUT(C:\Users\Arisvis\Desktop\WheatherStation\Project_BMP280.cydsn\CortexM3\ARM_GCC_541\Debug\Project_BMP280.elf elf32-littlearm)
